howl-render-debug emit_prepared count=128 copy_in_avg_us=0 fills_avg_us=36 sprites_avg_us=290 publish_avg_us=1 copy_out_avg_us=0 stage_upload_avg_us=97 atlas_resource_avg_us=96 direct_resource_avg_us=0 sprites_avg=1658 alpha_sprites_avg=1658
howl-render-debug owner_create count=128 alloc_avg_us=0 alloc_max_us=1 register_avg_us=0 register_max_us=1 emit_avg_us=993 emit_max_us=2114
howl-render-debug prepare_handle count=128 prepare_surface_avg_us=911 prepare_surface_max_us=21835 input_avg_us=0 session_preparer_avg_us=0 session_prepare_cells_avg_us=0 direct_normal_avg_us=909 owner_create_avg_us=994 owner_create_max_us=2116
howl-debug turn=1607 interval_ms=1000 process_cpu_milli=989 process_ticks=99 wake_count=0 runtime_due_count=0 render_pending_count=1 host_redraw=false terminal_redraw=true loop_turns=1606
howl-debug counters wait_true=1373 wait_false=233 wait_false_owner_work=0 wait_false_runtime_admission=0 wait_false_runtime_wake=2 wait_false_present_complete_pending=0 wait_false_render_permission=231 render_permission_redraw_requested=0 render_permission_render_work_pending=231 terminal_keep=0 terminal_should_redraw=1393 terminal_drive_performed=1393 render_step_surface_idle=0 render_step_idle_prepare=0 render_step_idle_submit=0 render_step_blocked_present=0 render_step_rendered=233 render_step_failed=0 present_submitted=233 present_skipped=0 present_complete_drained=0 present_reason_none=0 present_reason_host_damage=0 present_reason_terminal_frame=233 present_reason_terminal_retire=0 sdl_wait_pump=1373 sdl_poll_pump=233
howl-debug timing render_turn_avg_us=2255 render_turn_max_us=27152 render_prepare_avg_us=1780 render_prepare_max_us=23957 render_upload_avg_us=465 render_upload_max_us=1955 render_upload_count_avg=0 render_upload_count_max=92 render_upload_bytes_avg=32 render_upload_bytes_max=7464 render_retained_submit_avg_us=1 render_retained_submit_max_us=79 present_submit_avg_us=102 present_submit_max_us=3544
howl-debug thread tid=47679 name=howl-main cpu_milli=979 ticks=98
howl-debug thread tid=47683 name=howl-term-host cpu_milli=0 ticks=0
howl-debug thread tid=47684 name=SDLTimer cpu_milli=0 ticks=0
howl-render-debug emit_prepared count=256 copy_in_avg_us=0 fills_avg_us=34 sprites_avg_us=254 publish_avg_us=2 copy_out_avg_us=0 stage_upload_avg_us=85 atlas_resource_avg_us=84 direct_resource_avg_us=0 sprites_avg=1439 alpha_sprites_avg=1439
howl-render-debug owner_create count=256 alloc_avg_us=0 alloc_max_us=2 register_avg_us=0 register_max_us=1 emit_avg_us=958 emit_max_us=2114
howl-render-debug prepare_handle count=256 prepare_surface_avg_us=815 prepare_surface_max_us=21835 input_avg_us=0 session_preparer_avg_us=0 session_prepare_cells_avg_us=0 direct_normal_avg_us=814 owner_create_avg_us=959 owner_create_max_us=2116
howl-render-debug emit_prepared count=384 copy_in_avg_us=0 fills_avg_us=35 sprites_avg_us=256 publish_avg_us=2 copy_out_avg_us=0 stage_upload_avg_us=86 atlas_resource_avg_us=85 direct_resource_avg_us=0 sprites_avg=1436 alpha_sprites_avg=1435
howl-render-debug owner_create count=384 alloc_avg_us=0 alloc_max_us=2 register_avg_us=0 register_max_us=1 emit_avg_us=961 emit_max_us=2114
howl-render-debug prepare_handle count=384 prepare_surface_avg_us=804 prepare_surface_max_us=21835 input_avg_us=0 session_preparer_avg_us=0 session_prepare_cells_avg_us=0 direct_normal_avg_us=802 owner_create_avg_us=962 owner_create_max_us=2116
howl-debug turn=3100 interval_ms=1000 process_cpu_milli=989 process_ticks=99 wake_count=0 runtime_due_count=0 render_pending_count=1 host_redraw=false terminal_redraw=true loop_turns=1493
howl-debug counters wait_true=1253 wait_false=240 wait_false_owner_work=0 wait_false_runtime_admission=0 wait_false_runtime_wake=9 wait_false_present_complete_pending=0 wait_false_render_permission=231 render_permission_redraw_requested=0 render_permission_render_work_pending=231 terminal_keep=0 terminal_should_redraw=1308 terminal_drive_performed=1308 render_step_surface_idle=0 render_step_idle_prepare=0 render_step_idle_submit=0 render_step_blocked_present=0 render_step_rendered=240 render_step_failed=0 present_submitted=240 present_skipped=0 present_complete_drained=0 present_reason_none=0 present_reason_host_damage=0 present_reason_terminal_frame=240 present_reason_terminal_retire=0 sdl_wait_pump=1253 sdl_poll_pump=240
howl-debug timing render_turn_avg_us=2275 render_turn_max_us=4091 render_prepare_avg_us=1758 render_prepare_max_us=2793 render_upload_avg_us=513 render_upload_max_us=1449 render_upload_count_avg=0 render_upload_count_max=0 render_upload_bytes_avg=0 render_upload_bytes_max=0 render_retained_submit_avg_us=0 render_retained_submit_max_us=2 present_submit_avg_us=81 present_submit_max_us=162
howl-debug thread tid=47679 name=howl-main cpu_milli=979 ticks=98
howl-debug thread tid=47683 name=howl-term-host cpu_milli=9 ticks=1
howl-debug thread tid=47684 name=SDLTimer cpu_milli=0 ticks=0
howl-render-debug emit_prepared count=512 copy_in_avg_us=0 fills_avg_us=37 sprites_avg_us=265 publish_avg_us=2 copy_out_avg_us=0 stage_upload_avg_us=89 atlas_resource_avg_us=88 direct_resource_avg_us=0 sprites_avg=1485 alpha_sprites_avg=1485
howl-render-debug owner_create count=512 alloc_avg_us=0 alloc_max_us=2 register_avg_us=0 register_max_us=1 emit_avg_us=986 emit_max_us=2114
howl-render-debug prepare_handle count=512 prepare_surface_avg_us=792 prepare_surface_max_us=21835 input_avg_us=0 session_preparer_avg_us=0 session_prepare_cells_avg_us=0 direct_normal_avg_us=790 owner_create_avg_us=987 owner_create_max_us=2116
howl-render-debug emit_prepared count=640 copy_in_avg_us=0 fills_avg_us=37 sprites_avg_us=264 publish_avg_us=2 copy_out_avg_us=0 stage_upload_avg_us=89 atlas_resource_avg_us=87 direct_resource_avg_us=0 sprites_avg=1474 alpha_sprites_avg=1474
howl-render-debug owner_create count=640 alloc_avg_us=0 alloc_max_us=2 register_avg_us=0 register_max_us=1 emit_avg_us=988 emit_max_us=2248
howl-render-debug prepare_handle count=640 prepare_surface_avg_us=784 prepare_surface_max_us=21835 input_avg_us=0 session_preparer_avg_us=0 session_prepare_cells_avg_us=0 direct_normal_avg_us=782 owner_create_avg_us=989 owner_create_max_us=2250
howl-debug turn=4554 interval_ms=1000 process_cpu_milli=989 process_ticks=99 wake_count=1 runtime_due_count=0 render_pending_count=0 host_redraw=false terminal_redraw=true loop_turns=1454
howl-debug counters wait_true=1214 wait_false=240 wait_false_owner_work=0 wait_false_runtime_admission=0 wait_false_runtime_wake=6 wait_false_present_complete_pending=0 wait_false_render_permission=234 render_permission_redraw_requested=0 render_permission_render_work_pending=234 terminal_keep=0 terminal_should_redraw=1269 terminal_drive_performed=1269 render_step_surface_idle=0 render_step_idle_prepare=0 render_step_idle_submit=0 render_step_blocked_present=0 render_step_rendered=240 render_step_failed=0 present_submitted=240 present_skipped=0 present_complete_drained=0 present_reason_none=0 present_reason_host_damage=0 present_reason_terminal_frame=240 present_reason_terminal_retire=0 sdl_wait_pump=1214 sdl_poll_pump=240
howl-debug timing render_turn_avg_us=2313 render_turn_max_us=4022 render_prepare_avg_us=1812 render_prepare_max_us=3053 render_upload_avg_us=496 render_upload_max_us=1131 render_upload_count_avg=0 render_upload_count_max=0 render_upload_bytes_avg=0 render_upload_bytes_max=0 render_retained_submit_avg_us=0 render_retained_submit_max_us=2 present_submit_avg_us=91 present_submit_max_us=1502
howl-debug thread tid=47679 name=howl-main cpu_milli=979 ticks=98
howl-debug thread tid=47683 name=howl-term-host cpu_milli=9 ticks=1
howl-debug thread tid=47684 name=SDLTimer cpu_milli=0 ticks=0
howl-render-debug emit_prepared count=768 copy_in_avg_us=0 fills_avg_us=37 sprites_avg_us=280 publish_avg_us=2 copy_out_avg_us=0 stage_upload_avg_us=94 atlas_resource_avg_us=93 direct_resource_avg_us=0 sprites_avg=1570 alpha_sprites_avg=1570
howl-render-debug owner_create count=768 alloc_avg_us=0 alloc_max_us=2 register_avg_us=0 register_max_us=1 emit_avg_us=1000 emit_max_us=2248
howl-render-debug prepare_handle count=768 prepare_surface_avg_us=783 prepare_surface_max_us=21835 input_avg_us=0 session_preparer_avg_us=0 session_prepare_cells_avg_us=0 direct_normal_avg_us=781 owner_create_avg_us=1001 owner_create_max_us=2250
howl-render-debug emit_prepared count=896 copy_in_avg_us=0 fills_avg_us=36 sprites_avg_us=270 publish_avg_us=2 copy_out_avg_us=0 stage_upload_avg_us=91 atlas_resource_avg_us=89 direct_resource_avg_us=0 sprites_avg=1517 alpha_sprites_avg=1517
howl-render-debug owner_create count=896 alloc_avg_us=0 alloc_max_us=2 register_avg_us=0 register_max_us=6 emit_avg_us=988 emit_max_us=2248
howl-render-debug prepare_handle count=896 prepare_surface_avg_us=774 prepare_surface_max_us=21835 input_avg_us=0 session_preparer_avg_us=0 session_prepare_cells_avg_us=0 direct_normal_avg_us=773 owner_create_avg_us=990 owner_create_max_us=2250
howl-debug turn=6245 interval_ms=1003 process_cpu_milli=986 process_ticks=99 wake_count=0 runtime_due_count=0 render_pending_count=1 host_redraw=false terminal_redraw=true loop_turns=1691
howl-debug counters wait_true=1450 wait_false=241 wait_false_owner_work=0 wait_false_runtime_admission=0 wait_false_runtime_wake=2 wait_false_present_complete_pending=0 wait_false_render_permission=241 render_permission_redraw_requested=0 render_permission_render_work_pending=241 terminal_keep=0 terminal_should_redraw=1479 terminal_drive_performed=1479 render_step_surface_idle=0 render_step_idle_prepare=0 render_step_idle_submit=0 render_step_blocked_present=0 render_step_rendered=241 render_step_failed=0 present_submitted=241 present_skipped=0 present_complete_drained=0 present_reason_none=0 present_reason_host_damage=0 present_reason_terminal_frame=241 present_reason_terminal_retire=0 sdl_wait_pump=1450 sdl_poll_pump=241
howl-debug timing render_turn_avg_us=2096 render_turn_max_us=3452 render_prepare_avg_us=1659 render_prepare_max_us=2654 render_upload_avg_us=433 render_upload_max_us=946 render_upload_count_avg=0 render_upload_count_max=0 render_upload_bytes_avg=0 render_upload_bytes_max=0 render_retained_submit_avg_us=0 render_retained_submit_max_us=1 present_submit_avg_us=80 present_submit_max_us=156
howl-debug thread tid=47679 name=howl-main cpu_milli=976 ticks=98
howl-debug thread tid=47683 name=howl-term-host cpu_milli=9 ticks=1
howl-debug thread tid=47684 name=SDLTimer cpu_milli=0 ticks=0
howl-render-debug emit_prepared count=1024 copy_in_avg_us=0 fills_avg_us=36 sprites_avg_us=260 publish_avg_us=2 copy_out_avg_us=0 stage_upload_avg_us=88 atlas_resource_avg_us=86 direct_resource_avg_us=0 sprites_avg=1457 alpha_sprites_avg=1457
howl-render-debug owner_create count=1024 alloc_avg_us=0 alloc_max_us=3 register_avg_us=0 register_max_us=6 emit_avg_us=978 emit_max_us=2248
howl-render-debug prepare_handle count=1024 prepare_surface_avg_us=766 prepare_surface_max_us=21835 input_avg_us=0 session_preparer_avg_us=0 session_prepare_cells_avg_us=0 direct_normal_avg_us=765 owner_create_avg_us=979 owner_create_max_us=2250
howl-render-debug emit_prepared count=1152 copy_in_avg_us=0 fills_avg_us=36 sprites_avg_us=262 publish_avg_us=2 copy_out_avg_us=0 stage_upload_avg_us=88 atlas_resource_avg_us=86 direct_resource_avg_us=0 sprites_avg=1464 alpha_sprites_avg=1464
howl-render-debug owner_create count=1152 alloc_avg_us=0 alloc_max_us=3 register_avg_us=0 register_max_us=6 emit_avg_us=978 emit_max_us=2248
howl-render-debug prepare_handle count=1152 prepare_surface_avg_us=765 prepare_surface_max_us=21835 input_avg_us=0 session_preparer_avg_us=0 session_prepare_cells_avg_us=0 direct_normal_avg_us=763 owner_create_avg_us=979 owner_create_max_us=2250
howl-debug turn=7850 interval_ms=1000 process_cpu_milli=979 process_ticks=98 wake_count=0 runtime_due_count=0 render_pending_count=1 host_redraw=false terminal_redraw=true loop_turns=1605
howl-debug counters wait_true=1365 wait_false=240 wait_false_owner_work=0 wait_false_runtime_admission=0 wait_false_runtime_wake=2 wait_false_present_complete_pending=0 wait_false_render_permission=238 render_permission_redraw_requested=0 render_permission_render_work_pending=238 terminal_keep=0 terminal_should_redraw=1405 terminal_drive_performed=1405 render_step_surface_idle=0 render_step_idle_prepare=0 render_step_idle_submit=0 render_step_blocked_present=0 render_step_rendered=240 render_step_failed=0 present_submitted=240 present_skipped=0 present_complete_drained=0 present_reason_none=0 present_reason_host_damage=0 present_reason_terminal_frame=240 present_reason_terminal_retire=0 sdl_wait_pump=1365 sdl_poll_pump=240
howl-debug timing render_turn_avg_us=2186 render_turn_max_us=3643 render_prepare_avg_us=1704 render_prepare_max_us=2878 render_upload_avg_us=479 render_upload_max_us=1218 render_upload_count_avg=0 render_upload_count_max=0 render_upload_bytes_avg=0 render_upload_bytes_max=0 render_retained_submit_avg_us=0 render_retained_submit_max_us=2 present_submit_avg_us=80 present_submit_max_us=165
howl-debug thread tid=47679 name=howl-main cpu_milli=979 ticks=98
howl-debug thread tid=47683 name=howl-term-host cpu_milli=9 ticks=1
howl-debug thread tid=47684 name=SDLTimer cpu_milli=0 ticks=0
howl-render-debug emit_prepared count=1280 copy_in_avg_us=0 fills_avg_us=37 sprites_avg_us=261 publish_avg_us=2 copy_out_avg_us=0 stage_upload_avg_us=88 atlas_resource_avg_us=86 direct_resource_avg_us=0 sprites_avg=1461 alpha_sprites_avg=1461
howl-render-debug owner_create count=1280 alloc_avg_us=0 alloc_max_us=3 register_avg_us=0 register_max_us=6 emit_avg_us=977 emit_max_us=2248
howl-render-debug prepare_handle count=1280 prepare_surface_avg_us=762 prepare_surface_max_us=21835 input_avg_us=0 session_preparer_avg_us=0 session_prepare_cells_avg_us=0 direct_normal_avg_us=761 owner_create_avg_us=978 owner_create_max_us=2250
howl-render-debug emit_prepared count=1408 copy_in_avg_us=0 fills_avg_us=37 sprites_avg_us=261 publish_avg_us=2 copy_out_avg_us=0 stage_upload_avg_us=88 atlas_resource_avg_us=86 direct_resource_avg_us=0 sprites_avg=1463 alpha_sprites_avg=1463
howl-render-debug owner_create count=1408 alloc_avg_us=0 alloc_max_us=3 register_avg_us=0 register_max_us=6 emit_avg_us=976 emit_max_us=2248
howl-render-debug prepare_handle count=1408 prepare_surface_avg_us=760 prepare_surface_max_us=21835 input_avg_us=0 session_preparer_avg_us=0 session_prepare_cells_avg_us=0 direct_normal_avg_us=759 owner_create_avg_us=977 owner_create_max_us=2250
howl-debug turn=9441 interval_ms=1000 process_cpu_milli=989 process_ticks=99 wake_count=0 runtime_due_count=0 render_pending_count=1 host_redraw=false terminal_redraw=true loop_turns=1591
howl-debug counters wait_true=1351 wait_false=240 wait_false_owner_work=0 wait_false_runtime_admission=0 wait_false_runtime_wake=0 wait_false_present_complete_pending=0 wait_false_render_permission=240 render_permission_redraw_requested=0 render_permission_render_work_pending=240 terminal_keep=0 terminal_should_redraw=1394 terminal_drive_performed=1394 render_step_surface_idle=0 render_step_idle_prepare=0 render_step_idle_submit=0 render_step_blocked_present=0 render_step_rendered=240 render_step_failed=0 present_submitted=240 present_skipped=0 present_complete_drained=0 present_reason_none=0 present_reason_host_damage=0 present_reason_terminal_frame=240 present_reason_terminal_retire=0 sdl_wait_pump=1351 sdl_poll_pump=240
howl-debug timing render_turn_avg_us=2182 render_turn_max_us=3496 render_prepare_avg_us=1718 render_prepare_max_us=2584 render_upload_avg_us=460 render_upload_max_us=1111 render_upload_count_avg=0 render_upload_count_max=0 render_upload_bytes_avg=0 render_upload_bytes_max=0 render_retained_submit_avg_us=0 render_retained_submit_max_us=2 present_submit_avg_us=84 present_submit_max_us=1546
howl-debug thread tid=47679 name=howl-main cpu_milli=969 ticks=97
howl-debug thread tid=47683 name=howl-term-host cpu_milli=9 ticks=1
howl-debug thread tid=47684 name=SDLTimer cpu_milli=0 ticks=0
howl-render-debug emit_prepared count=1536 copy_in_avg_us=0 fills_avg_us=37 sprites_avg_us=262 publish_avg_us=2 copy_out_avg_us=0 stage_upload_avg_us=88 atlas_resource_avg_us=87 direct_resource_avg_us=0 sprites_avg=1464 alpha_sprites_avg=1464
howl-render-debug owner_create count=1536 alloc_avg_us=0 alloc_max_us=3 register_avg_us=0 register_max_us=6 emit_avg_us=981 emit_max_us=2248
howl-render-debug prepare_handle count=1536 prepare_surface_avg_us=759 prepare_surface_max_us=21835 input_avg_us=0 session_preparer_avg_us=0 session_prepare_cells_avg_us=0 direct_normal_avg_us=757 owner_create_avg_us=982 owner_create_max_us=2250
howl-render-debug emit_prepared count=1664 copy_in_avg_us=0 fills_avg_us=37 sprites_avg_us=260 publish_avg_us=2 copy_out_avg_us=0 stage_upload_avg_us=87 atlas_resource_avg_us=86 direct_resource_avg_us=0 sprites_avg=1449 alpha_sprites_avg=1449
howl-render-debug owner_create count=1664 alloc_avg_us=0 alloc_max_us=3 register_avg_us=0 register_max_us=6 emit_avg_us=980 emit_max_us=2248
howl-render-debug prepare_handle count=1664 prepare_surface_avg_us=756 prepare_surface_max_us=21835 input_avg_us=0 session_preparer_avg_us=0 session_prepare_cells_avg_us=0 direct_normal_avg_us=754 owner_create_avg_us=981 owner_create_max_us=2250
howl-debug turn=10945 interval_ms=1000 process_cpu_milli=979 process_ticks=98 wake_count=0 runtime_due_count=0 render_pending_count=1 host_redraw=false terminal_redraw=true loop_turns=1504
howl-debug counters wait_true=1264 wait_false=240 wait_false_owner_work=0 wait_false_runtime_admission=0 wait_false_runtime_wake=8 wait_false_present_complete_pending=0 wait_false_render_permission=232 render_permission_redraw_requested=0 render_permission_render_work_pending=232 terminal_keep=0 terminal_should_redraw=1310 terminal_drive_performed=1310 render_step_surface_idle=0 render_step_idle_prepare=0 render_step_idle_submit=0 render_step_blocked_present=0 render_step_rendered=240 render_step_failed=0 present_submitted=240 present_skipped=0 present_complete_drained=0 present_reason_none=0 present_reason_host_damage=0 present_reason_terminal_frame=240 present_reason_terminal_retire=0 sdl_wait_pump=1264 sdl_poll_pump=240
howl-debug timing render_turn_avg_us=2242 render_turn_max_us=4462 render_prepare_avg_us=1734 render_prepare_max_us=3347 render_upload_avg_us=504 render_upload_max_us=1360 render_upload_count_avg=0 render_upload_count_max=0 render_upload_bytes_avg=0 render_upload_bytes_max=0 render_retained_submit_avg_us=0 render_retained_submit_max_us=2 present_submit_avg_us=85 present_submit_max_us=168
howl-debug thread tid=47679 name=howl-main cpu_milli=979 ticks=98
howl-debug thread tid=47683 name=howl-term-host cpu_milli=9 ticks=1
howl-debug thread tid=47684 name=SDLTimer cpu_milli=0 ticks=0
howl-render-debug emit_prepared count=1792 copy_in_avg_us=0 fills_avg_us=37 sprites_avg_us=258 publish_avg_us=2 copy_out_avg_us=0 stage_upload_avg_us=87 atlas_resource_avg_us=85 direct_resource_avg_us=0 sprites_avg=1439 alpha_sprites_avg=1439
howl-render-debug owner_create count=1792 alloc_avg_us=0 alloc_max_us=3 register_avg_us=0 register_max_us=6 emit_avg_us=977 emit_max_us=2248
howl-render-debug prepare_handle count=1792 prepare_surface_avg_us=753 prepare_surface_max_us=21835 input_avg_us=0 session_preparer_avg_us=0 session_prepare_cells_avg_us=0 direct_normal_avg_us=752 owner_create_avg_us=978 owner_create_max_us=2250
howl-debug turn=12560 interval_ms=1000 process_cpu_milli=999 process_ticks=100 wake_count=0 runtime_due_count=0 render_pending_count=1 host_redraw=false terminal_redraw=true loop_turns=1615
howl-debug counters wait_true=1375 wait_false=240 wait_false_owner_work=0 wait_false_runtime_admission=0 wait_false_runtime_wake=3 wait_false_present_complete_pending=0 wait_false_render_permission=237 render_permission_redraw_requested=0 render_permission_render_work_pending=237 terminal_keep=0 terminal_should_redraw=1405 terminal_drive_performed=1405 render_step_surface_idle=0 render_step_idle_prepare=0 render_step_idle_submit=0 render_step_blocked_present=0 render_step_rendered=240 render_step_failed=0 present_submitted=240 present_skipped=0 present_complete_drained=0 present_reason_none=0 present_reason_host_damage=0 present_reason_terminal_frame=240 present_reason_terminal_retire=0 sdl_wait_pump=1375 sdl_poll_pump=240
howl-debug timing render_turn_avg_us=2174 render_turn_max_us=3706 render_prepare_avg_us=1703 render_prepare_max_us=2735 render_upload_avg_us=467 render_upload_max_us=1210 render_upload_count_avg=0 render_upload_count_max=0 render_upload_bytes_avg=0 render_upload_bytes_max=0 render_retained_submit_avg_us=0 render_retained_submit_max_us=2 present_submit_avg_us=80 present_submit_max_us=150
howl-debug thread tid=47679 name=howl-main cpu_milli=969 ticks=97
howl-debug thread tid=47683 name=howl-term-host cpu_milli=9 ticks=1
howl-debug thread tid=47684 name=SDLTimer cpu_milli=0 ticks=0
howl-render-debug emit_prepared count=1920 copy_in_avg_us=0 fills_avg_us=37 sprites_avg_us=260 publish_avg_us=2 copy_out_avg_us=0 stage_upload_avg_us=87 atlas_resource_avg_us=86 direct_resource_avg_us=0 sprites_avg=1455 alpha_sprites_avg=1455
howl-render-debug owner_create count=1920 alloc_avg_us=0 alloc_max_us=3 register_avg_us=0 register_max_us=6 emit_avg_us=978 emit_max_us=2248
howl-render-debug prepare_handle count=1920 prepare_surface_avg_us=753 prepare_surface_max_us=21835 input_avg_us=0 session_preparer_avg_us=0 session_prepare_cells_avg_us=0 direct_normal_avg_us=752 owner_create_avg_us=979 owner_create_max_us=2250
howl-render-debug emit_prepared count=2048 copy_in_avg_us=0 fills_avg_us=37 sprites_avg_us=262 publish_avg_us=2 copy_out_avg_us=0 stage_upload_avg_us=88 atlas_resource_avg_us=87 direct_resource_avg_us=0 sprites_avg=1467 alpha_sprites_avg=1467
howl-render-debug owner_create count=2048 alloc_avg_us=0 alloc_max_us=3 register_avg_us=0 register_max_us=6 emit_avg_us=978 emit_max_us=2248
howl-render-debug prepare_handle count=2048 prepare_surface_avg_us=753 prepare_surface_max_us=21835 input_avg_us=0 session_preparer_avg_us=0 session_prepare_cells_avg_us=0 direct_normal_avg_us=751 owner_create_avg_us=979 owner_create_max_us=2250
howl-debug turn=14178 interval_ms=1000 process_cpu_milli=979 process_ticks=98 wake_count=0 runtime_due_count=0 render_pending_count=1 host_redraw=false terminal_redraw=true loop_turns=1618
howl-debug counters wait_true=1378 wait_false=240 wait_false_owner_work=0 wait_false_runtime_admission=0 wait_false_runtime_wake=0 wait_false_present_complete_pending=0 wait_false_render_permission=240 render_permission_redraw_requested=0 render_permission_render_work_pending=240 terminal_keep=0 terminal_should_redraw=1416 terminal_drive_performed=1416 render_step_surface_idle=0 render_step_idle_prepare=0 render_step_idle_submit=0 render_step_blocked_present=0 render_step_rendered=240 render_step_failed=0 present_submitted=240 present_skipped=0 present_complete_drained=0 present_reason_none=0 present_reason_host_damage=0 present_reason_terminal_frame=240 present_reason_terminal_retire=0 sdl_wait_pump=1378 sdl_poll_pump=240
howl-debug timing render_turn_avg_us=2170 render_turn_max_us=3662 render_prepare_avg_us=1680 render_prepare_max_us=2726 render_upload_avg_us=487 render_upload_max_us=1090 render_upload_count_avg=0 render_upload_count_max=0 render_upload_bytes_avg=0 render_upload_bytes_max=0 render_retained_submit_avg_us=0 render_retained_submit_max_us=2 present_submit_avg_us=82 present_submit_max_us=1519
howl-debug thread tid=47679 name=howl-main cpu_milli=979 ticks=98
howl-debug thread tid=47683 name=howl-term-host cpu_milli=9 ticks=1
howl-debug thread tid=47684 name=SDLTimer cpu_milli=0 ticks=0
howl-render-debug emit_prepared count=2176 copy_in_avg_us=0 fills_avg_us=37 sprites_avg_us=259 publish_avg_us=2 copy_out_avg_us=0 stage_upload_avg_us=87 atlas_resource_avg_us=86 direct_resource_avg_us=0 sprites_avg=1454 alpha_sprites_avg=1454
howl-render-debug owner_create count=2176 alloc_avg_us=0 alloc_max_us=3 register_avg_us=0 register_max_us=6 emit_avg_us=974 emit_max_us=2248
howl-render-debug prepare_handle count=2176 prepare_surface_avg_us=750 prepare_surface_max_us=21835 input_avg_us=0 session_preparer_avg_us=0 session_prepare_cells_avg_us=0 direct_normal_avg_us=749 owner_create_avg_us=975 owner_create_max_us=2250
howl-render-debug emit_prepared count=2304 copy_in_avg_us=0 fills_avg_us=37 sprites_avg_us=258 publish_avg_us=2 copy_out_avg_us=0 stage_upload_avg_us=87 atlas_resource_avg_us=85 direct_resource_avg_us=0 sprites_avg=1447 alpha_sprites_avg=1447
howl-render-debug owner_create count=2304 alloc_avg_us=0 alloc_max_us=3 register_avg_us=0 register_max_us=6 emit_avg_us=971 emit_max_us=2248
howl-render-debug prepare_handle count=2304 prepare_surface_avg_us=749 prepare_surface_max_us=21835 input_avg_us=0 session_preparer_avg_us=0 session_prepare_cells_avg_us=0 direct_normal_avg_us=747 owner_create_avg_us=972 owner_create_max_us=2250
howl-debug turn=15749 interval_ms=1000 process_cpu_milli=979 process_ticks=98 wake_count=0 runtime_due_count=0 render_pending_count=1 host_redraw=false terminal_redraw=true loop_turns=1571
howl-debug counters wait_true=1331 wait_false=240 wait_false_owner_work=0 wait_false_runtime_admission=0 wait_false_runtime_wake=3 wait_false_present_complete_pending=0 wait_false_render_permission=238 render_permission_redraw_requested=0 render_permission_render_work_pending=238 terminal_keep=0 terminal_should_redraw=1377 terminal_drive_performed=1377 render_step_surface_idle=0 render_step_idle_prepare=0 render_step_idle_submit=0 render_step_blocked_present=0 render_step_rendered=240 render_step_failed=0 present_submitted=240 present_skipped=0 present_complete_drained=0 present_reason_none=0 present_reason_host_damage=0 present_reason_terminal_frame=240 present_reason_terminal_retire=0 sdl_wait_pump=1331 sdl_poll_pump=240
howl-debug timing render_turn_avg_us=2154 render_turn_max_us=3725 render_prepare_avg_us=1686 render_prepare_max_us=3003 render_upload_avg_us=464 render_upload_max_us=1196 render_upload_count_avg=0 render_upload_count_max=0 render_upload_bytes_avg=0 render_upload_bytes_max=0 render_retained_submit_avg_us=0 render_retained_submit_max_us=2 present_submit_avg_us=83 present_submit_max_us=157
howl-debug thread tid=47679 name=howl-main cpu_milli=969 ticks=97
howl-debug thread tid=47683 name=howl-term-host cpu_milli=9 ticks=1
howl-debug thread tid=47684 name=SDLTimer cpu_milli=0 ticks=0
