howl-debug turn=118 interval_ms=1009 process_cpu_milli=991 process_ticks=100 wake_count=1 runtime_due_count=0 render_pending_count=0 host_redraw=false terminal_redraw=true loop_turns=117
howl-debug counters wait_true=14 wait_false=103 wait_false_owner_work=0 wait_false_runtime_admission=0 wait_false_runtime_wake=102 wait_false_present_complete_pending=0 wait_false_render_permission=1 render_permission_redraw_requested=0 render_permission_render_work_pending=1 terminal_keep=0 terminal_should_redraw=116 terminal_drive_performed=116 render_step_surface_idle=0 render_step_idle_prepare=0 render_step_idle_submit=0 render_step_blocked_present=0 render_step_rendered=103 render_step_failed=0 present_submitted=103 present_skipped=0 present_complete_drained=0 present_reason_none=0 present_reason_host_damage=0 present_reason_terminal_frame=103 present_reason_terminal_retire=0 sdl_wait_pump=14 sdl_poll_pump=103
howl-debug timing render_turn_avg_us=9160 render_turn_max_us=28832 render_prepare_avg_us=8481 render_prepare_max_us=27366 render_upload_avg_us=633 render_upload_max_us=1921 render_retained_submit_avg_us=3 render_retained_submit_max_us=89 present_submit_avg_us=154 present_submit_max_us=1463
howl-debug thread tid=26543 name=howl-main cpu_milli=981 ticks=99
howl-debug thread tid=26547 name=howl-term-host cpu_milli=0 ticks=0
howl-debug thread tid=26548 name=SDLTimer cpu_milli=0 ticks=0
howl-debug turn=226 interval_ms=1003 process_cpu_milli=1006 process_ticks=101 wake_count=1 runtime_due_count=0 render_pending_count=0 host_redraw=false terminal_redraw=true loop_turns=108
howl-debug counters wait_true=0 wait_false=108 wait_false_owner_work=0 wait_false_runtime_admission=0 wait_false_runtime_wake=108 wait_false_present_complete_pending=0 wait_false_render_permission=0 render_permission_redraw_requested=0 render_permission_render_work_pending=0 terminal_keep=0 terminal_should_redraw=108 terminal_drive_performed=108 render_step_surface_idle=0 render_step_idle_prepare=0 render_step_idle_submit=0 render_step_blocked_present=0 render_step_rendered=108 render_step_failed=0 present_submitted=108 present_skipped=0 present_complete_drained=0 present_reason_none=0 present_reason_host_damage=0 present_reason_terminal_frame=108 present_reason_terminal_retire=0 sdl_wait_pump=0 sdl_poll_pump=108
howl-debug timing render_turn_avg_us=8728 render_turn_max_us=9546 render_prepare_avg_us=8245 render_prepare_max_us=8849 render_upload_avg_us=475 render_upload_max_us=787 render_retained_submit_avg_us=2 render_retained_submit_max_us=2 present_submit_avg_us=130 present_submit_max_us=168
howl-debug thread tid=26543 name=howl-main cpu_milli=1006 ticks=101
howl-debug thread tid=26547 name=howl-term-host cpu_milli=0 ticks=0
howl-debug thread tid=26548 name=SDLTimer cpu_milli=0 ticks=0
howl-debug turn=336 interval_ms=1004 process_cpu_milli=995 process_ticks=100 wake_count=1 runtime_due_count=0 render_pending_count=0 host_redraw=false terminal_redraw=true loop_turns=110
howl-debug counters wait_true=0 wait_false=110 wait_false_owner_work=0 wait_false_runtime_admission=0 wait_false_runtime_wake=110 wait_false_present_complete_pending=0 wait_false_render_permission=0 render_permission_redraw_requested=0 render_permission_render_work_pending=0 terminal_keep=0 terminal_should_redraw=110 terminal_drive_performed=110 render_step_surface_idle=0 render_step_idle_prepare=0 render_step_idle_submit=0 render_step_blocked_present=0 render_step_rendered=110 render_step_failed=0 present_submitted=110 present_skipped=0 present_complete_drained=0 present_reason_none=0 present_reason_host_damage=0 present_reason_terminal_frame=110 present_reason_terminal_retire=0 sdl_wait_pump=0 sdl_poll_pump=110
howl-debug timing render_turn_avg_us=8561 render_turn_max_us=9913 render_prepare_avg_us=8121 render_prepare_max_us=9250 render_upload_avg_us=428 render_upload_max_us=912 render_retained_submit_avg_us=2 render_retained_submit_max_us=2 present_submit_avg_us=127 present_submit_max_us=171
howl-debug thread tid=26543 name=howl-main cpu_milli=995 ticks=100
howl-debug thread tid=26547 name=howl-term-host cpu_milli=0 ticks=0
howl-debug thread tid=26548 name=SDLTimer cpu_milli=0 ticks=0
howl-debug turn=445 interval_ms=1001 process_cpu_milli=988 process_ticks=99 wake_count=1 runtime_due_count=0 render_pending_count=0 host_redraw=false terminal_redraw=true loop_turns=109
howl-debug counters wait_true=0 wait_false=109 wait_false_owner_work=0 wait_false_runtime_admission=0 wait_false_runtime_wake=109 wait_false_present_complete_pending=0 wait_false_render_permission=0 render_permission_redraw_requested=0 render_permission_render_work_pending=0 terminal_keep=0 terminal_should_redraw=109 terminal_drive_performed=109 render_step_surface_idle=0 render_step_idle_prepare=0 render_step_idle_submit=0 render_step_blocked_present=0 render_step_rendered=109 render_step_failed=0 present_submitted=109 present_skipped=0 present_complete_drained=0 present_reason_none=0 present_reason_host_damage=0 present_reason_terminal_frame=109 present_reason_terminal_retire=0 sdl_wait_pump=0 sdl_poll_pump=109
howl-debug timing render_turn_avg_us=8637 render_turn_max_us=9476 render_prepare_avg_us=8127 render_prepare_max_us=8859 render_upload_avg_us=500 render_upload_max_us=887 render_retained_submit_avg_us=1 render_retained_submit_max_us=2 present_submit_avg_us=122 present_submit_max_us=181
howl-debug thread tid=26543 name=howl-main cpu_milli=988 ticks=99
howl-debug thread tid=26547 name=howl-term-host cpu_milli=9 ticks=1
howl-debug thread tid=26548 name=SDLTimer cpu_milli=0 ticks=0
howl-debug turn=553 interval_ms=1002 process_cpu_milli=1007 process_ticks=101 wake_count=1 runtime_due_count=0 render_pending_count=0 host_redraw=false terminal_redraw=true loop_turns=108
howl-debug counters wait_true=0 wait_false=108 wait_false_owner_work=0 wait_false_runtime_admission=0 wait_false_runtime_wake=108 wait_false_present_complete_pending=0 wait_false_render_permission=0 render_permission_redraw_requested=0 render_permission_render_work_pending=0 terminal_keep=0 terminal_should_redraw=108 terminal_drive_performed=108 render_step_surface_idle=0 render_step_idle_prepare=0 render_step_idle_submit=0 render_step_blocked_present=0 render_step_rendered=108 render_step_failed=0 present_submitted=108 present_skipped=0 present_complete_drained=0 present_reason_none=0 present_reason_host_damage=0 present_reason_terminal_frame=108 present_reason_terminal_retire=0 sdl_wait_pump=0 sdl_poll_pump=108
howl-debug timing render_turn_avg_us=8721 render_turn_max_us=9991 render_prepare_avg_us=8185 render_prepare_max_us=8897 render_upload_avg_us=527 render_upload_max_us=1192 render_retained_submit_avg_us=1 render_retained_submit_max_us=2 present_submit_avg_us=122 present_submit_max_us=175
howl-debug thread tid=26543 name=howl-main cpu_milli=997 ticks=100
howl-debug thread tid=26547 name=howl-term-host cpu_milli=0 ticks=0
howl-debug thread tid=26548 name=SDLTimer cpu_milli=0 ticks=0
howl-debug turn=664 interval_ms=1008 process_cpu_milli=1001 process_ticks=101 wake_count=1 runtime_due_count=0 render_pending_count=0 host_redraw=false terminal_redraw=true loop_turns=111
howl-debug counters wait_true=0 wait_false=111 wait_false_owner_work=0 wait_false_runtime_admission=0 wait_false_runtime_wake=111 wait_false_present_complete_pending=0 wait_false_render_permission=0 render_permission_redraw_requested=0 render_permission_render_work_pending=0 terminal_keep=0 terminal_should_redraw=111 terminal_drive_performed=111 render_step_surface_idle=0 render_step_idle_prepare=0 render_step_idle_submit=0 render_step_blocked_present=0 render_step_rendered=111 render_step_failed=0 present_submitted=111 present_skipped=0 present_complete_drained=0 present_reason_none=0 present_reason_host_damage=0 present_reason_terminal_frame=111 present_reason_terminal_retire=0 sdl_wait_pump=0 sdl_poll_pump=111
howl-debug timing render_turn_avg_us=8538 render_turn_max_us=9406 render_prepare_avg_us=8030 render_prepare_max_us=8669 render_upload_avg_us=496 render_upload_max_us=841 render_retained_submit_avg_us=1 render_retained_submit_max_us=3 present_submit_avg_us=118 present_submit_max_us=167
howl-debug thread tid=26543 name=howl-main cpu_milli=991 ticks=100
howl-debug thread tid=26547 name=howl-term-host cpu_milli=0 ticks=0
howl-debug thread tid=26548 name=SDLTimer cpu_milli=0 ticks=0
howl-debug turn=775 interval_ms=1007 process_cpu_milli=992 process_ticks=100 wake_count=1 runtime_due_count=0 render_pending_count=0 host_redraw=false terminal_redraw=true loop_turns=111
howl-debug counters wait_true=0 wait_false=111 wait_false_owner_work=0 wait_false_runtime_admission=0 wait_false_runtime_wake=111 wait_false_present_complete_pending=0 wait_false_render_permission=0 render_permission_redraw_requested=0 render_permission_render_work_pending=0 terminal_keep=0 terminal_should_redraw=111 terminal_drive_performed=111 render_step_surface_idle=0 render_step_idle_prepare=0 render_step_idle_submit=0 render_step_blocked_present=0 render_step_rendered=111 render_step_failed=0 present_submitted=111 present_skipped=0 present_complete_drained=0 present_reason_none=0 present_reason_host_damage=0 present_reason_terminal_frame=111 present_reason_terminal_retire=0 sdl_wait_pump=0 sdl_poll_pump=111
howl-debug timing render_turn_avg_us=8512 render_turn_max_us=10286 render_prepare_avg_us=8073 render_prepare_max_us=9953 render_upload_avg_us=429 render_upload_max_us=832 render_retained_submit_avg_us=1 render_retained_submit_max_us=2 present_submit_avg_us=136 present_submit_max_us=1597
howl-debug thread tid=26543 name=howl-main cpu_milli=1002 ticks=101
howl-debug thread tid=26547 name=howl-term-host cpu_milli=9 ticks=1
howl-debug thread tid=26548 name=SDLTimer cpu_milli=0 ticks=0
howl-debug turn=887 interval_ms=1000 process_cpu_milli=999 process_ticks=100 wake_count=1 runtime_due_count=0 render_pending_count=0 host_redraw=false terminal_redraw=true loop_turns=112
howl-debug counters wait_true=0 wait_false=112 wait_false_owner_work=0 wait_false_runtime_admission=0 wait_false_runtime_wake=112 wait_false_present_complete_pending=0 wait_false_render_permission=0 render_permission_redraw_requested=0 render_permission_render_work_pending=0 terminal_keep=0 terminal_should_redraw=112 terminal_drive_performed=112 render_step_surface_idle=0 render_step_idle_prepare=0 render_step_idle_submit=0 render_step_blocked_present=0 render_step_rendered=112 render_step_failed=0 present_submitted=112 present_skipped=0 present_complete_drained=0 present_reason_none=0 present_reason_host_damage=0 present_reason_terminal_frame=112 present_reason_terminal_retire=0 sdl_wait_pump=0 sdl_poll_pump=112
howl-debug timing render_turn_avg_us=8388 render_turn_max_us=9483 render_prepare_avg_us=7954 render_prepare_max_us=8657 render_upload_avg_us=426 render_upload_max_us=818 render_retained_submit_avg_us=1 render_retained_submit_max_us=2 present_submit_avg_us=120 present_submit_max_us=164
howl-debug thread tid=26543 name=howl-main cpu_milli=999 ticks=100
howl-debug thread tid=26547 name=howl-term-host cpu_milli=0 ticks=0
howl-debug thread tid=26548 name=SDLTimer cpu_milli=0 ticks=0
howl-debug turn=999 interval_ms=1006 process_cpu_milli=1003 process_ticks=101 wake_count=1 runtime_due_count=0 render_pending_count=0 host_redraw=false terminal_redraw=true loop_turns=112
howl-debug counters wait_true=0 wait_false=112 wait_false_owner_work=0 wait_false_runtime_admission=0 wait_false_runtime_wake=112 wait_false_present_complete_pending=0 wait_false_render_permission=0 render_permission_redraw_requested=0 render_permission_render_work_pending=0 terminal_keep=0 terminal_should_redraw=112 terminal_drive_performed=112 render_step_surface_idle=0 render_step_idle_prepare=0 render_step_idle_submit=0 render_step_blocked_present=0 render_step_rendered=112 render_step_failed=0 present_submitted=112 present_skipped=0 present_complete_drained=0 present_reason_none=0 present_reason_host_damage=0 present_reason_terminal_frame=112 present_reason_terminal_retire=0 sdl_wait_pump=0 sdl_poll_pump=112
howl-debug timing render_turn_avg_us=8441 render_turn_max_us=9639 render_prepare_avg_us=7994 render_prepare_max_us=8939 render_upload_avg_us=440 render_upload_max_us=835 render_retained_submit_avg_us=1 render_retained_submit_max_us=2 present_submit_avg_us=118 present_submit_max_us=171
howl-debug thread tid=26543 name=howl-main cpu_milli=993 ticks=100
howl-debug thread tid=26547 name=howl-term-host cpu_milli=0 ticks=0
howl-debug thread tid=26548 name=SDLTimer cpu_milli=0 ticks=0
howl-debug turn=1109 interval_ms=1004 process_cpu_milli=995 process_ticks=100 wake_count=1 runtime_due_count=0 render_pending_count=0 host_redraw=false terminal_redraw=true loop_turns=110
howl-debug counters wait_true=0 wait_false=110 wait_false_owner_work=0 wait_false_runtime_admission=0 wait_false_runtime_wake=110 wait_false_present_complete_pending=0 wait_false_render_permission=0 render_permission_redraw_requested=0 render_permission_render_work_pending=0 terminal_keep=0 terminal_should_redraw=110 terminal_drive_performed=110 render_step_surface_idle=0 render_step_idle_prepare=0 render_step_idle_submit=0 render_step_blocked_present=0 render_step_rendered=110 render_step_failed=0 present_submitted=110 present_skipped=0 present_complete_drained=0 present_reason_none=0 present_reason_host_damage=0 present_reason_terminal_frame=110 present_reason_terminal_retire=0 sdl_wait_pump=0 sdl_poll_pump=110
howl-debug timing render_turn_avg_us=8579 render_turn_max_us=9965 render_prepare_avg_us=8086 render_prepare_max_us=9058 render_upload_avg_us=485 render_upload_max_us=897 render_retained_submit_avg_us=2 render_retained_submit_max_us=7 present_submit_avg_us=124 present_submit_max_us=179
howl-debug thread tid=26543 name=howl-main cpu_milli=995 ticks=100
howl-debug thread tid=26547 name=howl-term-host cpu_milli=9 ticks=1
howl-debug thread tid=26548 name=SDLTimer cpu_milli=0 ticks=0
