howl-debug turn=1380 interval_ms=1000 process_cpu_milli=969 process_ticks=97 wake_count=0 runtime_due_count=0 render_pending_count=1 host_redraw=false terminal_redraw=false loop_turns=1379
howl-debug counters wait_true=1148 wait_false=231 wait_false_owner_work=0 wait_false_runtime_admission=0 wait_false_runtime_wake=5 wait_false_present_complete_pending=0 wait_false_render_permission=226 render_permission_redraw_requested=0 render_permission_render_work_pending=226 terminal_keep=0 terminal_should_redraw=1196 terminal_drive_performed=1196 render_step_surface_idle=0 render_step_idle_prepare=0 render_step_idle_submit=0 render_step_blocked_present=0 render_step_rendered=231 render_step_failed=0 present_submitted=231 present_skipped=0 present_complete_drained=0 present_reason_none=0 present_reason_host_damage=0 present_reason_terminal_frame=231 present_reason_terminal_retire=0 sdl_wait_pump=1148 sdl_poll_pump=231
howl-debug timing render_turn_avg_us=2383 render_turn_max_us=36190 render_prepare_avg_us=1885 render_prepare_max_us=32891 render_upload_avg_us=487 render_upload_max_us=1905 render_upload_count_avg=0 render_upload_count_max=93 render_upload_bytes_avg=32 render_upload_bytes_max=7476 render_retained_submit_avg_us=1 render_retained_submit_max_us=112 present_submit_avg_us=98 present_submit_max_us=2012
howl-debug thread tid=47528 name=howl-main cpu_milli=969 ticks=97
howl-debug thread tid=47532 name=howl-term-host cpu_milli=0 ticks=0
howl-debug thread tid=47533 name=SDLTimer cpu_milli=0 ticks=0
howl-debug turn=2843 interval_ms=1000 process_cpu_milli=979 process_ticks=98 wake_count=0 runtime_due_count=0 render_pending_count=1 host_redraw=false terminal_redraw=false loop_turns=1463
howl-debug counters wait_true=1223 wait_false=240 wait_false_owner_work=0 wait_false_runtime_admission=0 wait_false_runtime_wake=6 wait_false_present_complete_pending=0 wait_false_render_permission=234 render_permission_redraw_requested=0 render_permission_render_work_pending=234 terminal_keep=0 terminal_should_redraw=1274 terminal_drive_performed=1274 render_step_surface_idle=0 render_step_idle_prepare=0 render_step_idle_submit=0 render_step_blocked_present=0 render_step_rendered=240 render_step_failed=0 present_submitted=240 present_skipped=0 present_complete_drained=0 present_reason_none=0 present_reason_host_damage=0 present_reason_terminal_frame=240 present_reason_terminal_retire=0 sdl_wait_pump=1223 sdl_poll_pump=240
howl-debug timing render_turn_avg_us=2238 render_turn_max_us=3852 render_prepare_avg_us=1732 render_prepare_max_us=2596 render_upload_avg_us=501 render_upload_max_us=1313 render_upload_count_avg=0 render_upload_count_max=0 render_upload_bytes_avg=0 render_upload_bytes_max=0 render_retained_submit_avg_us=1 render_retained_submit_max_us=12 present_submit_avg_us=82 present_submit_max_us=197
howl-debug thread tid=47528 name=howl-main cpu_milli=969 ticks=97
howl-debug thread tid=47532 name=howl-term-host cpu_milli=0 ticks=0
howl-debug thread tid=47533 name=SDLTimer cpu_milli=0 ticks=0
howl-debug turn=4395 interval_ms=1000 process_cpu_milli=969 process_ticks=97 wake_count=0 runtime_due_count=0 render_pending_count=1 host_redraw=false terminal_redraw=false loop_turns=1552
howl-debug counters wait_true=1312 wait_false=240 wait_false_owner_work=0 wait_false_runtime_admission=0 wait_false_runtime_wake=1 wait_false_present_complete_pending=0 wait_false_render_permission=239 render_permission_redraw_requested=0 render_permission_render_work_pending=239 terminal_keep=0 terminal_should_redraw=1345 terminal_drive_performed=1345 render_step_surface_idle=0 render_step_idle_prepare=0 render_step_idle_submit=0 render_step_blocked_present=0 render_step_rendered=240 render_step_failed=0 present_submitted=240 present_skipped=0 present_complete_drained=0 present_reason_none=0 present_reason_host_damage=0 present_reason_terminal_frame=240 present_reason_terminal_retire=0 sdl_wait_pump=1312 sdl_poll_pump=240
howl-debug timing render_turn_avg_us=2156 render_turn_max_us=4071 render_prepare_avg_us=1692 render_prepare_max_us=2491 render_upload_avg_us=460 render_upload_max_us=2202 render_upload_count_avg=0 render_upload_count_max=0 render_upload_bytes_avg=0 render_upload_bytes_max=0 render_retained_submit_avg_us=0 render_retained_submit_max_us=1 present_submit_avg_us=79 present_submit_max_us=163
howl-debug thread tid=47528 name=howl-main cpu_milli=949 ticks=95
howl-debug thread tid=47532 name=howl-term-host cpu_milli=19 ticks=2
howl-debug thread tid=47533 name=SDLTimer cpu_milli=0 ticks=0
howl-debug turn=5910 interval_ms=1000 process_cpu_milli=969 process_ticks=97 wake_count=0 runtime_due_count=0 render_pending_count=1 host_redraw=false terminal_redraw=true loop_turns=1515
howl-debug counters wait_true=1275 wait_false=240 wait_false_owner_work=0 wait_false_runtime_admission=0 wait_false_runtime_wake=3 wait_false_present_complete_pending=0 wait_false_render_permission=237 render_permission_redraw_requested=0 render_permission_render_work_pending=237 terminal_keep=0 terminal_should_redraw=1312 terminal_drive_performed=1312 render_step_surface_idle=0 render_step_idle_prepare=0 render_step_idle_submit=0 render_step_blocked_present=0 render_step_rendered=240 render_step_failed=0 present_submitted=240 present_skipped=0 present_complete_drained=0 present_reason_none=0 present_reason_host_damage=0 present_reason_terminal_frame=240 present_reason_terminal_retire=0 sdl_wait_pump=1275 sdl_poll_pump=240
howl-debug timing render_turn_avg_us=2176 render_turn_max_us=3876 render_prepare_avg_us=1702 render_prepare_max_us=2529 render_upload_avg_us=470 render_upload_max_us=1342 render_upload_count_avg=0 render_upload_count_max=0 render_upload_bytes_avg=0 render_upload_bytes_max=0 render_retained_submit_avg_us=1 render_retained_submit_max_us=2 present_submit_avg_us=81 present_submit_max_us=138
howl-debug thread tid=47528 name=howl-main cpu_milli=959 ticks=96
howl-debug thread tid=47532 name=howl-term-host cpu_milli=9 ticks=1
howl-debug thread tid=47533 name=SDLTimer cpu_milli=0 ticks=0
howl-debug turn=7462 interval_ms=1000 process_cpu_milli=979 process_ticks=98 wake_count=0 runtime_due_count=0 render_pending_count=1 host_redraw=false terminal_redraw=true loop_turns=1552
howl-debug counters wait_true=1312 wait_false=240 wait_false_owner_work=0 wait_false_runtime_admission=0 wait_false_runtime_wake=1 wait_false_present_complete_pending=0 wait_false_render_permission=239 render_permission_redraw_requested=0 render_permission_render_work_pending=239 terminal_keep=0 terminal_should_redraw=1350 terminal_drive_performed=1350 render_step_surface_idle=0 render_step_idle_prepare=0 render_step_idle_submit=0 render_step_blocked_present=0 render_step_rendered=240 render_step_failed=0 present_submitted=240 present_skipped=0 present_complete_drained=0 present_reason_none=0 present_reason_host_damage=0 present_reason_terminal_frame=240 present_reason_terminal_retire=0 sdl_wait_pump=1312 sdl_poll_pump=240
howl-debug timing render_turn_avg_us=2129 render_turn_max_us=3220 render_prepare_avg_us=1668 render_prepare_max_us=2496 render_upload_avg_us=457 render_upload_max_us=1035 render_upload_count_avg=0 render_upload_count_max=0 render_upload_bytes_avg=0 render_upload_bytes_max=0 render_retained_submit_avg_us=0 render_retained_submit_max_us=4 present_submit_avg_us=82 present_submit_max_us=375
howl-debug thread tid=47528 name=howl-main cpu_milli=969 ticks=97
howl-debug thread tid=47532 name=howl-term-host cpu_milli=9 ticks=1
howl-debug thread tid=47533 name=SDLTimer cpu_milli=0 ticks=0
howl-debug turn=8982 interval_ms=1000 process_cpu_milli=969 process_ticks=97 wake_count=0 runtime_due_count=0 render_pending_count=1 host_redraw=false terminal_redraw=true loop_turns=1520
howl-debug counters wait_true=1280 wait_false=240 wait_false_owner_work=0 wait_false_runtime_admission=0 wait_false_runtime_wake=0 wait_false_present_complete_pending=0 wait_false_render_permission=240 render_permission_redraw_requested=0 render_permission_render_work_pending=240 terminal_keep=0 terminal_should_redraw=1331 terminal_drive_performed=1331 render_step_surface_idle=0 render_step_idle_prepare=0 render_step_idle_submit=0 render_step_blocked_present=0 render_step_rendered=240 render_step_failed=0 present_submitted=240 present_skipped=0 present_complete_drained=0 present_reason_none=0 present_reason_host_damage=0 present_reason_terminal_frame=240 present_reason_terminal_retire=0 sdl_wait_pump=1280 sdl_poll_pump=240
howl-debug timing render_turn_avg_us=2161 render_turn_max_us=3549 render_prepare_avg_us=1706 render_prepare_max_us=2688 render_upload_avg_us=451 render_upload_max_us=1108 render_upload_count_avg=0 render_upload_count_max=0 render_upload_bytes_avg=0 render_upload_bytes_max=0 render_retained_submit_avg_us=1 render_retained_submit_max_us=2 present_submit_avg_us=88 present_submit_max_us=1485
howl-debug thread tid=47528 name=howl-main cpu_milli=959 ticks=96
howl-debug thread tid=47532 name=howl-term-host cpu_milli=9 ticks=1
howl-debug thread tid=47533 name=SDLTimer cpu_milli=0 ticks=0
howl-debug turn=10483 interval_ms=1000 process_cpu_milli=979 process_ticks=98 wake_count=0 runtime_due_count=0 render_pending_count=1 host_redraw=false terminal_redraw=true loop_turns=1501
howl-debug counters wait_true=1261 wait_false=240 wait_false_owner_work=0 wait_false_runtime_admission=0 wait_false_runtime_wake=0 wait_false_present_complete_pending=0 wait_false_render_permission=240 render_permission_redraw_requested=0 render_permission_render_work_pending=240 terminal_keep=0 terminal_should_redraw=1314 terminal_drive_performed=1314 render_step_surface_idle=0 render_step_idle_prepare=0 render_step_idle_submit=0 render_step_blocked_present=0 render_step_rendered=240 render_step_failed=0 present_submitted=240 present_skipped=0 present_complete_drained=0 present_reason_none=0 present_reason_host_damage=0 present_reason_terminal_frame=240 present_reason_terminal_retire=0 sdl_wait_pump=1261 sdl_poll_pump=240
howl-debug timing render_turn_avg_us=2176 render_turn_max_us=3452 render_prepare_avg_us=1683 render_prepare_max_us=2539 render_upload_avg_us=489 render_upload_max_us=1136 render_upload_count_avg=0 render_upload_count_max=0 render_upload_bytes_avg=0 render_upload_bytes_max=0 render_retained_submit_avg_us=1 render_retained_submit_max_us=2 present_submit_avg_us=83 present_submit_max_us=192
howl-debug thread tid=47528 name=howl-main cpu_milli=969 ticks=97
howl-debug thread tid=47532 name=howl-term-host cpu_milli=9 ticks=1
howl-debug thread tid=47533 name=SDLTimer cpu_milli=0 ticks=0
howl-debug turn=12022 interval_ms=1000 process_cpu_milli=969 process_ticks=97 wake_count=0 runtime_due_count=0 render_pending_count=1 host_redraw=false terminal_redraw=true loop_turns=1539
howl-debug counters wait_true=1299 wait_false=240 wait_false_owner_work=0 wait_false_runtime_admission=0 wait_false_runtime_wake=4 wait_false_present_complete_pending=0 wait_false_render_permission=236 render_permission_redraw_requested=0 render_permission_render_work_pending=236 terminal_keep=0 terminal_should_redraw=1348 terminal_drive_performed=1348 render_step_surface_idle=0 render_step_idle_prepare=0 render_step_idle_submit=0 render_step_blocked_present=0 render_step_rendered=240 render_step_failed=0 present_submitted=240 present_skipped=0 present_complete_drained=0 present_reason_none=0 present_reason_host_damage=0 present_reason_terminal_frame=240 present_reason_terminal_retire=0 sdl_wait_pump=1299 sdl_poll_pump=240
howl-debug timing render_turn_avg_us=2130 render_turn_max_us=3978 render_prepare_avg_us=1670 render_prepare_max_us=2765 render_upload_avg_us=456 render_upload_max_us=1233 render_upload_count_avg=0 render_upload_count_max=0 render_upload_bytes_avg=0 render_upload_bytes_max=0 render_retained_submit_avg_us=1 render_retained_submit_max_us=6 present_submit_avg_us=82 present_submit_max_us=205
howl-debug thread tid=47528 name=howl-main cpu_milli=959 ticks=96
howl-debug thread tid=47532 name=howl-term-host cpu_milli=9 ticks=1
howl-debug thread tid=47533 name=SDLTimer cpu_milli=0 ticks=0
howl-debug turn=13388 interval_ms=1000 process_cpu_milli=979 process_ticks=98 wake_count=0 runtime_due_count=0 render_pending_count=1 host_redraw=false terminal_redraw=true loop_turns=1366
howl-debug counters wait_true=1126 wait_false=240 wait_false_owner_work=0 wait_false_runtime_admission=0 wait_false_runtime_wake=4 wait_false_present_complete_pending=0 wait_false_render_permission=236 render_permission_redraw_requested=0 render_permission_render_work_pending=236 terminal_keep=0 terminal_should_redraw=1199 terminal_drive_performed=1199 render_step_surface_idle=0 render_step_idle_prepare=0 render_step_idle_submit=0 render_step_blocked_present=0 render_step_rendered=240 render_step_failed=0 present_submitted=240 present_skipped=0 present_complete_drained=0 present_reason_none=0 present_reason_host_damage=0 present_reason_terminal_frame=240 present_reason_terminal_retire=0 sdl_wait_pump=1126 sdl_poll_pump=240
howl-debug timing render_turn_avg_us=2335 render_turn_max_us=3978 render_prepare_avg_us=1805 render_prepare_max_us=2831 render_upload_avg_us=526 render_upload_max_us=1142 render_upload_count_avg=0 render_upload_count_max=0 render_upload_bytes_avg=0 render_upload_bytes_max=0 render_retained_submit_avg_us=1 render_retained_submit_max_us=2 present_submit_avg_us=87 present_submit_max_us=1523
howl-debug thread tid=47528 name=howl-main cpu_milli=979 ticks=98
howl-debug thread tid=47532 name=howl-term-host cpu_milli=9 ticks=1
howl-debug thread tid=47533 name=SDLTimer cpu_milli=0 ticks=0
howl-debug turn=14948 interval_ms=1000 process_cpu_milli=979 process_ticks=98 wake_count=0 runtime_due_count=0 render_pending_count=1 host_redraw=false terminal_redraw=true loop_turns=1560
howl-debug counters wait_true=1320 wait_false=240 wait_false_owner_work=0 wait_false_runtime_admission=0 wait_false_runtime_wake=2 wait_false_present_complete_pending=0 wait_false_render_permission=239 render_permission_redraw_requested=0 render_permission_render_work_pending=239 terminal_keep=0 terminal_should_redraw=1377 terminal_drive_performed=1377 render_step_surface_idle=0 render_step_idle_prepare=0 render_step_idle_submit=0 render_step_blocked_present=0 render_step_rendered=240 render_step_failed=0 present_submitted=240 present_skipped=0 present_complete_drained=0 present_reason_none=0 present_reason_host_damage=0 present_reason_terminal_frame=240 present_reason_terminal_retire=0 sdl_wait_pump=1320 sdl_poll_pump=240
howl-debug timing render_turn_avg_us=2108 render_turn_max_us=3531 render_prepare_avg_us=1664 render_prepare_max_us=2770 render_upload_avg_us=439 render_upload_max_us=1067 render_upload_count_avg=0 render_upload_count_max=0 render_upload_bytes_avg=0 render_upload_bytes_max=0 render_retained_submit_avg_us=0 render_retained_submit_max_us=3 present_submit_avg_us=82 present_submit_max_us=213
howl-debug thread tid=47528 name=howl-main cpu_milli=959 ticks=96
howl-debug thread tid=47532 name=howl-term-host cpu_milli=0 ticks=0
howl-debug thread tid=47533 name=SDLTimer cpu_milli=0 ticks=0
