howl-render-debug emit_prepared count=128 copy_in_avg_us=0 fills_avg_us=38 sprites_avg_us=322 publish_avg_us=2 copy_out_avg_us=0 stage_upload_avg_us=108 atlas_resource_avg_us=106 direct_resource_avg_us=0 sprites_avg=1826 alpha_sprites_avg=1826
howl-render-debug owner_create count=128 alloc_avg_us=0 alloc_max_us=1 register_avg_us=0 register_max_us=1 emit_avg_us=1054 emit_max_us=1992
howl-render-debug prepare_handle count=128 prepare_surface_avg_us=876 prepare_surface_max_us=15518 input_avg_us=0 session_preparer_avg_us=0 session_prepare_cells_avg_us=0 direct_normal_avg_us=874 direct_normal_scan_avg_us=717 direct_normal_backgrounds_avg_us=27 direct_normal_clears_avg_us=0 direct_normal_decorations_avg_us=32 direct_normal_cursor_avg_us=0 direct_normal_raster_avg_us=96 owner_create_avg_us=1055 owner_create_max_us=1997
howl-debug turn=1479 interval_ms=1000 process_cpu_milli=959 process_ticks=96 wake_count=0 runtime_due_count=0 render_pending_count=1 host_redraw=false terminal_redraw=true loop_turns=1478
howl-debug counters wait_true=1243 wait_false=235 wait_false_owner_work=0 wait_false_runtime_admission=0 wait_false_runtime_wake=3 wait_false_present_complete_pending=0 wait_false_render_permission=232 render_permission_redraw_requested=0 render_permission_render_work_pending=232 terminal_keep=0 terminal_should_redraw=1289 terminal_drive_performed=1289 render_step_surface_idle=0 render_step_idle_prepare=0 render_step_idle_submit=0 render_step_blocked_present=0 render_step_rendered=235 render_step_failed=0 present_submitted=235 present_skipped=0 present_complete_drained=0 present_reason_none=0 present_reason_host_damage=0 present_reason_terminal_frame=235 present_reason_terminal_retire=0 sdl_wait_pump=1243 sdl_poll_pump=235
howl-debug timing render_turn_avg_us=2264 render_turn_max_us=19972 render_prepare_avg_us=1782 render_prepare_max_us=17130 render_upload_avg_us=473 render_upload_max_us=1754 render_upload_count_avg=0 render_upload_count_max=88 render_upload_bytes_avg=32 render_upload_bytes_max=7075 render_retained_submit_avg_us=1 render_retained_submit_max_us=55 present_submit_avg_us=93 present_submit_max_us=1502
howl-debug thread tid=48133 name=howl-main cpu_milli=939 ticks=94
howl-debug thread tid=48137 name=howl-term-host cpu_milli=0 ticks=0
howl-debug thread tid=48138 name=SDLTimer cpu_milli=0 ticks=0
howl-render-debug emit_prepared count=256 copy_in_avg_us=0 fills_avg_us=35 sprites_avg_us=276 publish_avg_us=2 copy_out_avg_us=0 stage_upload_avg_us=93 atlas_resource_avg_us=91 direct_resource_avg_us=0 sprites_avg=1560 alpha_sprites_avg=1560
howl-render-debug owner_create count=256 alloc_avg_us=0 alloc_max_us=2 register_avg_us=0 register_max_us=1 emit_avg_us=991 emit_max_us=1992
howl-render-debug prepare_handle count=256 prepare_surface_avg_us=798 prepare_surface_max_us=15518 input_avg_us=0 session_preparer_avg_us=0 session_prepare_cells_avg_us=0 direct_normal_avg_us=796 direct_normal_scan_avg_us=689 direct_normal_backgrounds_avg_us=27 direct_normal_clears_avg_us=0 direct_normal_decorations_avg_us=30 direct_normal_cursor_avg_us=0 direct_normal_raster_avg_us=48 owner_create_avg_us=992 owner_create_max_us=1997
howl-render-debug emit_prepared count=384 copy_in_avg_us=0 fills_avg_us=35 sprites_avg_us=258 publish_avg_us=2 copy_out_avg_us=0 stage_upload_avg_us=87 atlas_resource_avg_us=84 direct_resource_avg_us=0 sprites_avg=1446 alpha_sprites_avg=1446
howl-render-debug owner_create count=384 alloc_avg_us=0 alloc_max_us=2 register_avg_us=0 register_max_us=1 emit_avg_us=972 emit_max_us=2171
howl-render-debug prepare_handle count=384 prepare_surface_avg_us=774 prepare_surface_max_us=15518 input_avg_us=0 session_preparer_avg_us=0 session_prepare_cells_avg_us=0 direct_normal_avg_us=773 direct_normal_scan_avg_us=682 direct_normal_backgrounds_avg_us=27 direct_normal_clears_avg_us=0 direct_normal_decorations_avg_us=30 direct_normal_cursor_avg_us=0 direct_normal_raster_avg_us=32 owner_create_avg_us=973 owner_create_max_us=2174
howl-debug turn=2977 interval_ms=1000 process_cpu_milli=969 process_ticks=97 wake_count=0 runtime_due_count=0 render_pending_count=1 host_redraw=false terminal_redraw=true loop_turns=1498
howl-debug counters wait_true=1258 wait_false=240 wait_false_owner_work=0 wait_false_runtime_admission=0 wait_false_runtime_wake=5 wait_false_present_complete_pending=0 wait_false_render_permission=235 render_permission_redraw_requested=0 render_permission_render_work_pending=235 terminal_keep=0 terminal_should_redraw=1319 terminal_drive_performed=1319 render_step_surface_idle=0 render_step_idle_prepare=0 render_step_idle_submit=0 render_step_blocked_present=0 render_step_rendered=240 render_step_failed=0 present_submitted=240 present_skipped=0 present_complete_drained=0 present_reason_none=0 present_reason_host_damage=0 present_reason_terminal_frame=240 present_reason_terminal_retire=0 sdl_wait_pump=1258 sdl_poll_pump=240
howl-debug timing render_turn_avg_us=2203 render_turn_max_us=4073 render_prepare_avg_us=1703 render_prepare_max_us=3174 render_upload_avg_us=495 render_upload_max_us=1280 render_upload_count_avg=0 render_upload_count_max=0 render_upload_bytes_avg=0 render_upload_bytes_max=0 render_retained_submit_avg_us=1 render_retained_submit_max_us=6 present_submit_avg_us=80 present_submit_max_us=131
howl-debug thread tid=48133 name=howl-main cpu_milli=969 ticks=97
howl-debug thread tid=48137 name=howl-term-host cpu_milli=9 ticks=1
howl-debug thread tid=48138 name=SDLTimer cpu_milli=0 ticks=0
howl-render-debug emit_prepared count=512 copy_in_avg_us=0 fills_avg_us=36 sprites_avg_us=259 publish_avg_us=2 copy_out_avg_us=0 stage_upload_avg_us=88 atlas_resource_avg_us=85 direct_resource_avg_us=0 sprites_avg=1462 alpha_sprites_avg=1462
howl-render-debug owner_create count=512 alloc_avg_us=0 alloc_max_us=2 register_avg_us=0 register_max_us=1 emit_avg_us=965 emit_max_us=2171
howl-render-debug prepare_handle count=512 prepare_surface_avg_us=764 prepare_surface_max_us=15518 input_avg_us=0 session_preparer_avg_us=0 session_prepare_cells_avg_us=0 direct_normal_avg_us=762 direct_normal_scan_avg_us=678 direct_normal_backgrounds_avg_us=27 direct_normal_clears_avg_us=0 direct_normal_decorations_avg_us=31 direct_normal_cursor_avg_us=0 direct_normal_raster_avg_us=24 owner_create_avg_us=966 owner_create_max_us=2174
howl-render-debug emit_prepared count=640 copy_in_avg_us=0 fills_avg_us=36 sprites_avg_us=255 publish_avg_us=2 copy_out_avg_us=0 stage_upload_avg_us=86 atlas_resource_avg_us=84 direct_resource_avg_us=0 sprites_avg=1441 alpha_sprites_avg=1441
howl-render-debug owner_create count=640 alloc_avg_us=0 alloc_max_us=2 register_avg_us=0 register_max_us=1 emit_avg_us=961 emit_max_us=2171
howl-render-debug prepare_handle count=640 prepare_surface_avg_us=756 prepare_surface_max_us=15518 input_avg_us=0 session_preparer_avg_us=0 session_prepare_cells_avg_us=0 direct_normal_avg_us=755 direct_normal_scan_avg_us=675 direct_normal_backgrounds_avg_us=27 direct_normal_clears_avg_us=0 direct_normal_decorations_avg_us=31 direct_normal_cursor_avg_us=0 direct_normal_raster_avg_us=19 owner_create_avg_us=962 owner_create_max_us=2174
howl-debug turn=4475 interval_ms=1000 process_cpu_milli=949 process_ticks=95 wake_count=0 runtime_due_count=0 render_pending_count=1 host_redraw=false terminal_redraw=true loop_turns=1498
howl-debug counters wait_true=1258 wait_false=240 wait_false_owner_work=0 wait_false_runtime_admission=0 wait_false_runtime_wake=1 wait_false_present_complete_pending=0 wait_false_render_permission=239 render_permission_redraw_requested=0 render_permission_render_work_pending=239 terminal_keep=0 terminal_should_redraw=1323 terminal_drive_performed=1323 render_step_surface_idle=0 render_step_idle_prepare=0 render_step_idle_submit=0 render_step_blocked_present=0 render_step_rendered=240 render_step_failed=0 present_submitted=240 present_skipped=0 present_complete_drained=0 present_reason_none=0 present_reason_host_damage=0 present_reason_terminal_frame=240 present_reason_terminal_retire=0 sdl_wait_pump=1258 sdl_poll_pump=240
howl-debug timing render_turn_avg_us=2181 render_turn_max_us=3594 render_prepare_avg_us=1717 render_prepare_max_us=2909 render_upload_avg_us=460 render_upload_max_us=1144 render_upload_count_avg=0 render_upload_count_max=0 render_upload_bytes_avg=0 render_upload_bytes_max=0 render_retained_submit_avg_us=1 render_retained_submit_max_us=2 present_submit_avg_us=87 present_submit_max_us=1554
howl-debug thread tid=48133 name=howl-main cpu_milli=949 ticks=95
howl-debug thread tid=48137 name=howl-term-host cpu_milli=19 ticks=2
howl-debug thread tid=48138 name=SDLTimer cpu_milli=0 ticks=0
howl-render-debug emit_prepared count=768 copy_in_avg_us=0 fills_avg_us=37 sprites_avg_us=271 publish_avg_us=2 copy_out_avg_us=0 stage_upload_avg_us=91 atlas_resource_avg_us=89 direct_resource_avg_us=0 sprites_avg=1537 alpha_sprites_avg=1537
howl-render-debug owner_create count=768 alloc_avg_us=0 alloc_max_us=2 register_avg_us=0 register_max_us=1 emit_avg_us=978 emit_max_us=2171
howl-render-debug prepare_handle count=768 prepare_surface_avg_us=760 prepare_surface_max_us=15518 input_avg_us=0 session_preparer_avg_us=0 session_prepare_cells_avg_us=0 direct_normal_avg_us=758 direct_normal_scan_avg_us=682 direct_normal_backgrounds_avg_us=27 direct_normal_clears_avg_us=0 direct_normal_decorations_avg_us=31 direct_normal_cursor_avg_us=0 direct_normal_raster_avg_us=16 owner_create_avg_us=979 owner_create_max_us=2174
howl-render-debug emit_prepared count=896 copy_in_avg_us=0 fills_avg_us=36 sprites_avg_us=267 publish_avg_us=2 copy_out_avg_us=0 stage_upload_avg_us=90 atlas_resource_avg_us=88 direct_resource_avg_us=0 sprites_avg=1514 alpha_sprites_avg=1514
howl-render-debug owner_create count=896 alloc_avg_us=0 alloc_max_us=2 register_avg_us=0 register_max_us=1 emit_avg_us=974 emit_max_us=2171
howl-render-debug prepare_handle count=896 prepare_surface_avg_us=756 prepare_surface_max_us=15518 input_avg_us=0 session_preparer_avg_us=0 session_prepare_cells_avg_us=0 direct_normal_avg_us=755 direct_normal_scan_avg_us=681 direct_normal_backgrounds_avg_us=27 direct_normal_clears_avg_us=0 direct_normal_decorations_avg_us=31 direct_normal_cursor_avg_us=0 direct_normal_raster_avg_us=13 owner_create_avg_us=975 owner_create_max_us=2174
howl-debug turn=6011 interval_ms=1000 process_cpu_milli=979 process_ticks=98 wake_count=0 runtime_due_count=0 render_pending_count=1 host_redraw=false terminal_redraw=true loop_turns=1536
howl-debug counters wait_true=1296 wait_false=240 wait_false_owner_work=0 wait_false_runtime_admission=0 wait_false_runtime_wake=2 wait_false_present_complete_pending=0 wait_false_render_permission=239 render_permission_redraw_requested=0 render_permission_render_work_pending=239 terminal_keep=0 terminal_should_redraw=1349 terminal_drive_performed=1349 render_step_surface_idle=0 render_step_idle_prepare=0 render_step_idle_submit=0 render_step_blocked_present=0 render_step_rendered=240 render_step_failed=0 present_submitted=240 present_skipped=0 present_complete_drained=0 present_reason_none=0 present_reason_host_damage=0 present_reason_terminal_frame=240 present_reason_terminal_retire=0 sdl_wait_pump=1296 sdl_poll_pump=240
howl-debug timing render_turn_avg_us=2148 render_turn_max_us=3627 render_prepare_avg_us=1686 render_prepare_max_us=2702 render_upload_avg_us=458 render_upload_max_us=1120 render_upload_count_avg=0 render_upload_count_max=0 render_upload_bytes_avg=0 render_upload_bytes_max=0 render_retained_submit_avg_us=1 render_retained_submit_max_us=6 present_submit_avg_us=79 present_submit_max_us=158
howl-debug thread tid=48133 name=howl-main cpu_milli=949 ticks=95
howl-debug thread tid=48137 name=howl-term-host cpu_milli=0 ticks=0
howl-debug thread tid=48138 name=SDLTimer cpu_milli=0 ticks=0
howl-render-debug emit_prepared count=1024 copy_in_avg_us=0 fills_avg_us=36 sprites_avg_us=257 publish_avg_us=2 copy_out_avg_us=0 stage_upload_avg_us=87 atlas_resource_avg_us=84 direct_resource_avg_us=0 sprites_avg=1457 alpha_sprites_avg=1457
howl-render-debug owner_create count=1024 alloc_avg_us=0 alloc_max_us=2 register_avg_us=0 register_max_us=1 emit_avg_us=963 emit_max_us=2171
howl-render-debug prepare_handle count=1024 prepare_surface_avg_us=750 prepare_surface_max_us=15518 input_avg_us=0 session_preparer_avg_us=0 session_prepare_cells_avg_us=0 direct_normal_avg_us=749 direct_normal_scan_avg_us=676 direct_normal_backgrounds_avg_us=27 direct_normal_clears_avg_us=0 direct_normal_decorations_avg_us=31 direct_normal_cursor_avg_us=0 direct_normal_raster_avg_us=12 owner_create_avg_us=964 owner_create_max_us=2174
howl-render-debug emit_prepared count=1152 copy_in_avg_us=0 fills_avg_us=36 sprites_avg_us=254 publish_avg_us=2 copy_out_avg_us=0 stage_upload_avg_us=86 atlas_resource_avg_us=83 direct_resource_avg_us=0 sprites_avg=1432 alpha_sprites_avg=1432
howl-render-debug owner_create count=1152 alloc_avg_us=0 alloc_max_us=2 register_avg_us=0 register_max_us=1 emit_avg_us=960 emit_max_us=2246
howl-render-debug prepare_handle count=1152 prepare_surface_avg_us=747 prepare_surface_max_us=15518 input_avg_us=0 session_preparer_avg_us=0 session_prepare_cells_avg_us=0 direct_normal_avg_us=746 direct_normal_scan_avg_us=675 direct_normal_backgrounds_avg_us=27 direct_normal_clears_avg_us=0 direct_normal_decorations_avg_us=30 direct_normal_cursor_avg_us=0 direct_normal_raster_avg_us=10 owner_create_avg_us=961 owner_create_max_us=2247
howl-debug turn=7555 interval_ms=1001 process_cpu_milli=958 process_ticks=96 wake_count=0 runtime_due_count=0 render_pending_count=1 host_redraw=false terminal_redraw=false loop_turns=1544
howl-debug counters wait_true=1303 wait_false=241 wait_false_owner_work=0 wait_false_runtime_admission=0 wait_false_runtime_wake=3 wait_false_present_complete_pending=0 wait_false_render_permission=239 render_permission_redraw_requested=0 render_permission_render_work_pending=239 terminal_keep=0 terminal_should_redraw=1346 terminal_drive_performed=1346 render_step_surface_idle=0 render_step_idle_prepare=0 render_step_idle_submit=0 render_step_blocked_present=0 render_step_rendered=241 render_step_failed=0 present_submitted=241 present_skipped=0 present_complete_drained=0 present_reason_none=0 present_reason_host_damage=0 present_reason_terminal_frame=241 present_reason_terminal_retire=0 sdl_wait_pump=1303 sdl_poll_pump=241
howl-debug timing render_turn_avg_us=2139 render_turn_max_us=4394 render_prepare_avg_us=1680 render_prepare_max_us=3313 render_upload_avg_us=455 render_upload_max_us=1074 render_upload_count_avg=0 render_upload_count_max=0 render_upload_bytes_avg=0 render_upload_bytes_max=0 render_retained_submit_avg_us=1 render_retained_submit_max_us=4 present_submit_avg_us=81 present_submit_max_us=208
howl-debug thread tid=48133 name=howl-main cpu_milli=958 ticks=96
howl-debug thread tid=48137 name=howl-term-host cpu_milli=9 ticks=1
howl-debug thread tid=48138 name=SDLTimer cpu_milli=0 ticks=0
howl-render-debug emit_prepared count=1280 copy_in_avg_us=0 fills_avg_us=37 sprites_avg_us=256 publish_avg_us=2 copy_out_avg_us=0 stage_upload_avg_us=87 atlas_resource_avg_us=84 direct_resource_avg_us=0 sprites_avg=1446 alpha_sprites_avg=1446
howl-render-debug owner_create count=1280 alloc_avg_us=0 alloc_max_us=2 register_avg_us=0 register_max_us=1 emit_avg_us=963 emit_max_us=2246
howl-render-debug prepare_handle count=1280 prepare_surface_avg_us=748 prepare_surface_max_us=15518 input_avg_us=0 session_preparer_avg_us=0 session_prepare_cells_avg_us=0 direct_normal_avg_us=747 direct_normal_scan_avg_us=677 direct_normal_backgrounds_avg_us=27 direct_normal_clears_avg_us=0 direct_normal_decorations_avg_us=31 direct_normal_cursor_avg_us=0 direct_normal_raster_avg_us=9 owner_create_avg_us=964 owner_create_max_us=2247
howl-render-debug emit_prepared count=1408 copy_in_avg_us=0 fills_avg_us=36 sprites_avg_us=257 publish_avg_us=2 copy_out_avg_us=0 stage_upload_avg_us=87 atlas_resource_avg_us=84 direct_resource_avg_us=0 sprites_avg=1447 alpha_sprites_avg=1447
howl-render-debug owner_create count=1408 alloc_avg_us=0 alloc_max_us=2 register_avg_us=0 register_max_us=2 emit_avg_us=965 emit_max_us=2246
howl-render-debug prepare_handle count=1408 prepare_surface_avg_us=747 prepare_surface_max_us=15518 input_avg_us=0 session_preparer_avg_us=0 session_prepare_cells_avg_us=0 direct_normal_avg_us=745 direct_normal_scan_avg_us=676 direct_normal_backgrounds_avg_us=27 direct_normal_clears_avg_us=0 direct_normal_decorations_avg_us=31 direct_normal_cursor_avg_us=0 direct_normal_raster_avg_us=8 owner_create_avg_us=966 owner_create_max_us=2247
howl-debug turn=9106 interval_ms=1000 process_cpu_milli=959 process_ticks=96 wake_count=0 runtime_due_count=0 render_pending_count=1 host_redraw=false terminal_redraw=true loop_turns=1551
howl-debug counters wait_true=1311 wait_false=240 wait_false_owner_work=0 wait_false_runtime_admission=0 wait_false_runtime_wake=2 wait_false_present_complete_pending=0 wait_false_render_permission=238 render_permission_redraw_requested=0 render_permission_render_work_pending=238 terminal_keep=0 terminal_should_redraw=1355 terminal_drive_performed=1355 render_step_surface_idle=0 render_step_idle_prepare=0 render_step_idle_submit=0 render_step_blocked_present=0 render_step_rendered=240 render_step_failed=0 present_submitted=240 present_skipped=0 present_complete_drained=0 present_reason_none=0 present_reason_host_damage=0 present_reason_terminal_frame=240 present_reason_terminal_retire=0 sdl_wait_pump=1311 sdl_poll_pump=240
howl-debug timing render_turn_avg_us=2184 render_turn_max_us=3711 render_prepare_avg_us=1720 render_prepare_max_us=2605 render_upload_avg_us=460 render_upload_max_us=1345 render_upload_count_avg=0 render_upload_count_max=0 render_upload_bytes_avg=0 render_upload_bytes_max=0 render_retained_submit_avg_us=1 render_retained_submit_max_us=6 present_submit_avg_us=86 present_submit_max_us=1606
howl-debug thread tid=48133 name=howl-main cpu_milli=959 ticks=96
howl-debug thread tid=48137 name=howl-term-host cpu_milli=9 ticks=1
howl-debug thread tid=48138 name=SDLTimer cpu_milli=0 ticks=0
howl-render-debug emit_prepared count=1536 copy_in_avg_us=0 fills_avg_us=37 sprites_avg_us=258 publish_avg_us=2 copy_out_avg_us=0 stage_upload_avg_us=87 atlas_resource_avg_us=84 direct_resource_avg_us=0 sprites_avg=1452 alpha_sprites_avg=1452
howl-render-debug owner_create count=1536 alloc_avg_us=0 alloc_max_us=2 register_avg_us=0 register_max_us=2 emit_avg_us=967 emit_max_us=2246
howl-render-debug prepare_handle count=1536 prepare_surface_avg_us=746 prepare_surface_max_us=15518 input_avg_us=0 session_preparer_avg_us=0 session_prepare_cells_avg_us=0 direct_normal_avg_us=745 direct_normal_scan_avg_us=676 direct_normal_backgrounds_avg_us=27 direct_normal_clears_avg_us=0 direct_normal_decorations_avg_us=31 direct_normal_cursor_avg_us=0 direct_normal_raster_avg_us=8 owner_create_avg_us=968 owner_create_max_us=2247
howl-render-debug emit_prepared count=1664 copy_in_avg_us=0 fills_avg_us=36 sprites_avg_us=256 publish_avg_us=2 copy_out_avg_us=0 stage_upload_avg_us=86 atlas_resource_avg_us=84 direct_resource_avg_us=0 sprites_avg=1443 alpha_sprites_avg=1443
howl-render-debug owner_create count=1664 alloc_avg_us=0 alloc_max_us=2 register_avg_us=0 register_max_us=2 emit_avg_us=966 emit_max_us=2246
howl-render-debug prepare_handle count=1664 prepare_surface_avg_us=744 prepare_surface_max_us=15518 input_avg_us=0 session_preparer_avg_us=0 session_prepare_cells_avg_us=0 direct_normal_avg_us=743 direct_normal_scan_avg_us=675 direct_normal_backgrounds_avg_us=27 direct_normal_clears_avg_us=0 direct_normal_decorations_avg_us=30 direct_normal_cursor_avg_us=0 direct_normal_raster_avg_us=7 owner_create_avg_us=967 owner_create_max_us=2247
howl-debug turn=10649 interval_ms=1000 process_cpu_milli=969 process_ticks=97 wake_count=0 runtime_due_count=0 render_pending_count=1 host_redraw=false terminal_redraw=true loop_turns=1543
howl-debug counters wait_true=1303 wait_false=240 wait_false_owner_work=0 wait_false_runtime_admission=0 wait_false_runtime_wake=0 wait_false_present_complete_pending=0 wait_false_render_permission=240 render_permission_redraw_requested=0 render_permission_render_work_pending=240 terminal_keep=0 terminal_should_redraw=1348 terminal_drive_performed=1348 render_step_surface_idle=0 render_step_idle_prepare=0 render_step_idle_submit=0 render_step_blocked_present=0 render_step_rendered=240 render_step_failed=0 present_submitted=240 present_skipped=0 present_complete_drained=0 present_reason_none=0 present_reason_host_damage=0 present_reason_terminal_frame=240 present_reason_terminal_retire=0 sdl_wait_pump=1303 sdl_poll_pump=240
howl-debug timing render_turn_avg_us=2188 render_turn_max_us=3632 render_prepare_avg_us=1706 render_prepare_max_us=2777 render_upload_avg_us=478 render_upload_max_us=1257 render_upload_count_avg=0 render_upload_count_max=0 render_upload_bytes_avg=0 render_upload_bytes_max=0 render_retained_submit_avg_us=1 render_retained_submit_max_us=2 present_submit_avg_us=79 present_submit_max_us=179
howl-debug thread tid=48133 name=howl-main cpu_milli=949 ticks=95
howl-debug thread tid=48137 name=howl-term-host cpu_milli=9 ticks=1
howl-debug thread tid=48138 name=SDLTimer cpu_milli=0 ticks=0
howl-render-debug emit_prepared count=1792 copy_in_avg_us=0 fills_avg_us=36 sprites_avg_us=255 publish_avg_us=2 copy_out_avg_us=0 stage_upload_avg_us=86 atlas_resource_avg_us=84 direct_resource_avg_us=0 sprites_avg=1437 alpha_sprites_avg=1437
howl-render-debug owner_create count=1792 alloc_avg_us=0 alloc_max_us=2 register_avg_us=0 register_max_us=2 emit_avg_us=966 emit_max_us=2246
howl-render-debug prepare_handle count=1792 prepare_surface_avg_us=743 prepare_surface_max_us=15518 input_avg_us=0 session_preparer_avg_us=0 session_prepare_cells_avg_us=0 direct_normal_avg_us=742 direct_normal_scan_avg_us=675 direct_normal_backgrounds_avg_us=27 direct_normal_clears_avg_us=0 direct_normal_decorations_avg_us=30 direct_normal_cursor_avg_us=0 direct_normal_raster_avg_us=6 owner_create_avg_us=967 owner_create_max_us=2247
howl-debug turn=12239 interval_ms=1000 process_cpu_milli=969 process_ticks=97 wake_count=0 runtime_due_count=0 render_pending_count=1 host_redraw=false terminal_redraw=false loop_turns=1590
howl-debug counters wait_true=1350 wait_false=240 wait_false_owner_work=0 wait_false_runtime_admission=0 wait_false_runtime_wake=3 wait_false_present_complete_pending=0 wait_false_render_permission=237 render_permission_redraw_requested=0 render_permission_render_work_pending=237 terminal_keep=0 terminal_should_redraw=1382 terminal_drive_performed=1382 render_step_surface_idle=0 render_step_idle_prepare=0 render_step_idle_submit=0 render_step_blocked_present=0 render_step_rendered=240 render_step_failed=0 present_submitted=240 present_skipped=0 present_complete_drained=0 present_reason_none=0 present_reason_host_damage=0 present_reason_terminal_frame=240 present_reason_terminal_retire=0 sdl_wait_pump=1350 sdl_poll_pump=240
howl-debug timing render_turn_avg_us=2177 render_turn_max_us=3772 render_prepare_avg_us=1714 render_prepare_max_us=2591 render_upload_avg_us=459 render_upload_max_us=1211 render_upload_count_avg=0 render_upload_count_max=0 render_upload_bytes_avg=0 render_upload_bytes_max=0 render_retained_submit_avg_us=1 render_retained_submit_max_us=2 present_submit_avg_us=76 present_submit_max_us=140
howl-debug thread tid=48133 name=howl-main cpu_milli=959 ticks=96
howl-debug thread tid=48137 name=howl-term-host cpu_milli=9 ticks=1
howl-debug thread tid=48138 name=SDLTimer cpu_milli=0 ticks=0
howl-render-debug emit_prepared count=1920 copy_in_avg_us=0 fills_avg_us=36 sprites_avg_us=257 publish_avg_us=2 copy_out_avg_us=0 stage_upload_avg_us=87 atlas_resource_avg_us=84 direct_resource_avg_us=0 sprites_avg=1448 alpha_sprites_avg=1448
howl-render-debug owner_create count=1920 alloc_avg_us=0 alloc_max_us=3 register_avg_us=0 register_max_us=2 emit_avg_us=968 emit_max_us=2246
howl-render-debug prepare_handle count=1920 prepare_surface_avg_us=743 prepare_surface_max_us=15518 input_avg_us=0 session_preparer_avg_us=0 session_prepare_cells_avg_us=0 direct_normal_avg_us=741 direct_normal_scan_avg_us=675 direct_normal_backgrounds_avg_us=27 direct_normal_clears_avg_us=0 direct_normal_decorations_avg_us=31 direct_normal_cursor_avg_us=0 direct_normal_raster_avg_us=6 owner_create_avg_us=969 owner_create_max_us=2247
howl-render-debug emit_prepared count=2048 copy_in_avg_us=0 fills_avg_us=37 sprites_avg_us=262 publish_avg_us=2 copy_out_avg_us=0 stage_upload_avg_us=89 atlas_resource_avg_us=86 direct_resource_avg_us=0 sprites_avg=1476 alpha_sprites_avg=1476
howl-render-debug owner_create count=2048 alloc_avg_us=0 alloc_max_us=3 register_avg_us=0 register_max_us=2 emit_avg_us=976 emit_max_us=2246
howl-render-debug prepare_handle count=2048 prepare_surface_avg_us=747 prepare_surface_max_us=15518 input_avg_us=0 session_preparer_avg_us=0 session_prepare_cells_avg_us=0 direct_normal_avg_us=746 direct_normal_scan_avg_us=679 direct_normal_backgrounds_avg_us=27 direct_normal_clears_avg_us=0 direct_normal_decorations_avg_us=31 direct_normal_cursor_avg_us=0 direct_normal_raster_avg_us=6 owner_create_avg_us=977 owner_create_max_us=2247
howl-debug turn=13618 interval_ms=1000 process_cpu_milli=979 process_ticks=98 wake_count=0 runtime_due_count=0 render_pending_count=1 host_redraw=false terminal_redraw=true loop_turns=1379
howl-debug counters wait_true=1139 wait_false=240 wait_false_owner_work=0 wait_false_runtime_admission=0 wait_false_runtime_wake=19 wait_false_present_complete_pending=0 wait_false_render_permission=221 render_permission_redraw_requested=0 render_permission_render_work_pending=221 terminal_keep=0 terminal_should_redraw=1205 terminal_drive_performed=1205 render_step_surface_idle=0 render_step_idle_prepare=0 render_step_idle_submit=0 render_step_blocked_present=0 render_step_rendered=240 render_step_failed=0 present_submitted=240 present_skipped=0 present_complete_drained=0 present_reason_none=0 present_reason_host_damage=0 present_reason_terminal_frame=240 present_reason_terminal_retire=0 sdl_wait_pump=1139 sdl_poll_pump=240
howl-debug timing render_turn_avg_us=2388 render_turn_max_us=4210 render_prepare_avg_us=1842 render_prepare_max_us=3023 render_upload_avg_us=542 render_upload_max_us=1292 render_upload_count_avg=0 render_upload_count_max=0 render_upload_bytes_avg=0 render_upload_bytes_max=0 render_retained_submit_avg_us=1 render_retained_submit_max_us=5 present_submit_avg_us=89 present_submit_max_us=1979
howl-debug thread tid=48133 name=howl-main cpu_milli=959 ticks=96
howl-debug thread tid=48137 name=howl-term-host cpu_milli=9 ticks=1
howl-debug thread tid=48138 name=SDLTimer cpu_milli=0 ticks=0
howl-render-debug emit_prepared count=2176 copy_in_avg_us=0 fills_avg_us=37 sprites_avg_us=262 publish_avg_us=2 copy_out_avg_us=0 stage_upload_avg_us=89 atlas_resource_avg_us=86 direct_resource_avg_us=0 sprites_avg=1472 alpha_sprites_avg=1472
howl-render-debug owner_create count=2176 alloc_avg_us=0 alloc_max_us=3 register_avg_us=0 register_max_us=2 emit_avg_us=978 emit_max_us=2246
howl-render-debug prepare_handle count=2176 prepare_surface_avg_us=747 prepare_surface_max_us=15518 input_avg_us=0 session_preparer_avg_us=0 session_prepare_cells_avg_us=0 direct_normal_avg_us=745 direct_normal_scan_avg_us=679 direct_normal_backgrounds_avg_us=27 direct_normal_clears_avg_us=0 direct_normal_decorations_avg_us=31 direct_normal_cursor_avg_us=0 direct_normal_raster_avg_us=5 owner_create_avg_us=979 owner_create_max_us=2247
howl-render-debug emit_prepared count=2304 copy_in_avg_us=0 fills_avg_us=37 sprites_avg_us=259 publish_avg_us=2 copy_out_avg_us=0 stage_upload_avg_us=88 atlas_resource_avg_us=85 direct_resource_avg_us=0 sprites_avg=1456 alpha_sprites_avg=1456
howl-render-debug owner_create count=2304 alloc_avg_us=0 alloc_max_us=3 register_avg_us=0 register_max_us=2 emit_avg_us=974 emit_max_us=2246
howl-render-debug prepare_handle count=2304 prepare_surface_avg_us=745 prepare_surface_max_us=15518 input_avg_us=0 session_preparer_avg_us=0 session_prepare_cells_avg_us=0 direct_normal_avg_us=744 direct_normal_scan_avg_us=678 direct_normal_backgrounds_avg_us=27 direct_normal_clears_avg_us=0 direct_normal_decorations_avg_us=31 direct_normal_cursor_avg_us=0 direct_normal_raster_avg_us=5 owner_create_avg_us=976 owner_create_max_us=2247
howl-debug turn=15202 interval_ms=1000 process_cpu_milli=969 process_ticks=97 wake_count=0 runtime_due_count=0 render_pending_count=1 host_redraw=false terminal_redraw=true loop_turns=1584
howl-debug counters wait_true=1344 wait_false=240 wait_false_owner_work=0 wait_false_runtime_admission=0 wait_false_runtime_wake=6 wait_false_present_complete_pending=0 wait_false_render_permission=235 render_permission_redraw_requested=0 render_permission_render_work_pending=235 terminal_keep=0 terminal_should_redraw=1386 terminal_drive_performed=1386 render_step_surface_idle=0 render_step_idle_prepare=0 render_step_idle_submit=0 render_step_blocked_present=0 render_step_rendered=240 render_step_failed=0 present_submitted=240 present_skipped=0 present_complete_drained=0 present_reason_none=0 present_reason_host_damage=0 present_reason_terminal_frame=240 present_reason_terminal_retire=0 sdl_wait_pump=1344 sdl_poll_pump=240
howl-debug timing render_turn_avg_us=2152 render_turn_max_us=3875 render_prepare_avg_us=1682 render_prepare_max_us=2674 render_upload_avg_us=466 render_upload_max_us=1267 render_upload_count_avg=0 render_upload_count_max=0 render_upload_bytes_avg=0 render_upload_bytes_max=0 render_retained_submit_avg_us=1 render_retained_submit_max_us=5 present_submit_avg_us=81 present_submit_max_us=163
howl-debug thread tid=48133 name=howl-main cpu_milli=969 ticks=97
howl-debug thread tid=48137 name=howl-term-host cpu_milli=9 ticks=1
howl-debug thread tid=48138 name=SDLTimer cpu_milli=0 ticks=0
