howl-debug turn=123 interval_ms=1006 process_cpu_milli=1003 process_ticks=101 wake_count=1 runtime_due_count=0 render_pending_count=0 host_redraw=false terminal_redraw=true loop_turns=122
howl-debug counters wait_true=14 wait_false=108 wait_false_owner_work=0 wait_false_runtime_admission=0 wait_false_runtime_wake=107 wait_false_present_complete_pending=0 wait_false_render_permission=1 render_permission_redraw_requested=0 render_permission_render_work_pending=1 terminal_keep=0 terminal_should_redraw=121 terminal_drive_performed=121 render_step_surface_idle=0 render_step_idle_prepare=0 render_step_idle_submit=0 render_step_blocked_present=0 render_step_rendered=108 render_step_failed=0 present_submitted=108 present_skipped=0 present_complete_drained=0 present_reason_none=0 present_reason_host_damage=0 present_reason_terminal_frame=108 present_reason_terminal_retire=0 sdl_wait_pump=14 sdl_poll_pump=108
howl-debug thread tid=24937 name=howl-main cpu_milli=993 ticks=100
howl-debug thread tid=24950 name=howl-term-host cpu_milli=0 ticks=0
howl-debug thread tid=24951 name=SDLTimer cpu_milli=0 ticks=0
howl-debug turn=237 interval_ms=1007 process_cpu_milli=1002 process_ticks=101 wake_count=1 runtime_due_count=0 render_pending_count=0 host_redraw=false terminal_redraw=true loop_turns=114
howl-debug counters wait_true=0 wait_false=114 wait_false_owner_work=0 wait_false_runtime_admission=0 wait_false_runtime_wake=114 wait_false_present_complete_pending=0 wait_false_render_permission=0 render_permission_redraw_requested=0 render_permission_render_work_pending=0 terminal_keep=0 terminal_should_redraw=114 terminal_drive_performed=114 render_step_surface_idle=0 render_step_idle_prepare=0 render_step_idle_submit=0 render_step_blocked_present=0 render_step_rendered=114 render_step_failed=0 present_submitted=114 present_skipped=0 present_complete_drained=0 present_reason_none=0 present_reason_host_damage=0 present_reason_terminal_frame=114 present_reason_terminal_retire=0 sdl_wait_pump=0 sdl_poll_pump=114
howl-debug thread tid=24937 name=howl-main cpu_milli=1002 ticks=101
howl-debug thread tid=24950 name=howl-term-host cpu_milli=0 ticks=0
howl-debug thread tid=24951 name=SDLTimer cpu_milli=0 ticks=0
howl-debug turn=353 interval_ms=1001 process_cpu_milli=988 process_ticks=99 wake_count=1 runtime_due_count=0 render_pending_count=0 host_redraw=false terminal_redraw=true loop_turns=116
howl-debug counters wait_true=0 wait_false=116 wait_false_owner_work=0 wait_false_runtime_admission=0 wait_false_runtime_wake=116 wait_false_present_complete_pending=0 wait_false_render_permission=0 render_permission_redraw_requested=0 render_permission_render_work_pending=0 terminal_keep=0 terminal_should_redraw=116 terminal_drive_performed=116 render_step_surface_idle=0 render_step_idle_prepare=0 render_step_idle_submit=0 render_step_blocked_present=0 render_step_rendered=116 render_step_failed=0 present_submitted=116 present_skipped=0 present_complete_drained=0 present_reason_none=0 present_reason_host_damage=0 present_reason_terminal_frame=116 present_reason_terminal_retire=0 sdl_wait_pump=0 sdl_poll_pump=116
howl-debug thread tid=24937 name=howl-main cpu_milli=998 ticks=100
howl-debug thread tid=24950 name=howl-term-host cpu_milli=0 ticks=0
howl-debug thread tid=24951 name=SDLTimer cpu_milli=0 ticks=0
howl-debug turn=467 interval_ms=1007 process_cpu_milli=1002 process_ticks=101 wake_count=1 runtime_due_count=0 render_pending_count=0 host_redraw=false terminal_redraw=true loop_turns=114
howl-debug counters wait_true=0 wait_false=114 wait_false_owner_work=0 wait_false_runtime_admission=0 wait_false_runtime_wake=114 wait_false_present_complete_pending=0 wait_false_render_permission=0 render_permission_redraw_requested=0 render_permission_render_work_pending=0 terminal_keep=0 terminal_should_redraw=114 terminal_drive_performed=114 render_step_surface_idle=0 render_step_idle_prepare=0 render_step_idle_submit=0 render_step_blocked_present=0 render_step_rendered=114 render_step_failed=0 present_submitted=114 present_skipped=0 present_complete_drained=0 present_reason_none=0 present_reason_host_damage=0 present_reason_terminal_frame=114 present_reason_terminal_retire=0 sdl_wait_pump=0 sdl_poll_pump=114
howl-debug thread tid=24937 name=howl-main cpu_milli=993 ticks=100
howl-debug thread tid=24950 name=howl-term-host cpu_milli=0 ticks=0
howl-debug thread tid=24951 name=SDLTimer cpu_milli=0 ticks=0
howl-debug turn=580 interval_ms=1007 process_cpu_milli=992 process_ticks=100 wake_count=1 runtime_due_count=0 render_pending_count=0 host_redraw=false terminal_redraw=true loop_turns=113
howl-debug counters wait_true=0 wait_false=113 wait_false_owner_work=0 wait_false_runtime_admission=0 wait_false_runtime_wake=113 wait_false_present_complete_pending=0 wait_false_render_permission=0 render_permission_redraw_requested=0 render_permission_render_work_pending=0 terminal_keep=0 terminal_should_redraw=113 terminal_drive_performed=113 render_step_surface_idle=0 render_step_idle_prepare=0 render_step_idle_submit=0 render_step_blocked_present=0 render_step_rendered=113 render_step_failed=0 present_submitted=113 present_skipped=0 present_complete_drained=0 present_reason_none=0 present_reason_host_damage=0 present_reason_terminal_frame=113 present_reason_terminal_retire=0 sdl_wait_pump=0 sdl_poll_pump=113
howl-debug thread tid=24937 name=howl-main cpu_milli=992 ticks=100
howl-debug thread tid=24950 name=howl-term-host cpu_milli=0 ticks=0
howl-debug thread tid=24951 name=SDLTimer cpu_milli=0 ticks=0
howl-debug turn=696 interval_ms=1001 process_cpu_milli=1008 process_ticks=101 wake_count=1 runtime_due_count=0 render_pending_count=0 host_redraw=false terminal_redraw=true loop_turns=116
howl-debug counters wait_true=0 wait_false=116 wait_false_owner_work=0 wait_false_runtime_admission=0 wait_false_runtime_wake=116 wait_false_present_complete_pending=0 wait_false_render_permission=0 render_permission_redraw_requested=0 render_permission_render_work_pending=0 terminal_keep=0 terminal_should_redraw=116 terminal_drive_performed=116 render_step_surface_idle=0 render_step_idle_prepare=0 render_step_idle_submit=0 render_step_blocked_present=0 render_step_rendered=116 render_step_failed=0 present_submitted=116 present_skipped=0 present_complete_drained=0 present_reason_none=0 present_reason_host_damage=0 present_reason_terminal_frame=116 present_reason_terminal_retire=0 sdl_wait_pump=0 sdl_poll_pump=116
howl-debug thread tid=24937 name=howl-main cpu_milli=1008 ticks=101
howl-debug thread tid=24950 name=howl-term-host cpu_milli=9 ticks=1
howl-debug thread tid=24951 name=SDLTimer cpu_milli=0 ticks=0
howl-debug turn=811 interval_ms=1008 process_cpu_milli=991 process_ticks=100 wake_count=1 runtime_due_count=0 render_pending_count=0 host_redraw=false terminal_redraw=true loop_turns=115
howl-debug counters wait_true=0 wait_false=115 wait_false_owner_work=0 wait_false_runtime_admission=0 wait_false_runtime_wake=115 wait_false_present_complete_pending=0 wait_false_render_permission=0 render_permission_redraw_requested=0 render_permission_render_work_pending=0 terminal_keep=0 terminal_should_redraw=115 terminal_drive_performed=115 render_step_surface_idle=0 render_step_idle_prepare=0 render_step_idle_submit=0 render_step_blocked_present=0 render_step_rendered=115 render_step_failed=0 present_submitted=115 present_skipped=0 present_complete_drained=0 present_reason_none=0 present_reason_host_damage=0 present_reason_terminal_frame=115 present_reason_terminal_retire=0 sdl_wait_pump=0 sdl_poll_pump=115
howl-debug thread tid=24937 name=howl-main cpu_milli=981 ticks=99
howl-debug thread tid=24950 name=howl-term-host cpu_milli=0 ticks=0
howl-debug thread tid=24951 name=SDLTimer cpu_milli=0 ticks=0
howl-debug turn=928 interval_ms=1008 process_cpu_milli=1001 process_ticks=101 wake_count=1 runtime_due_count=0 render_pending_count=0 host_redraw=false terminal_redraw=true loop_turns=117
howl-debug counters wait_true=0 wait_false=117 wait_false_owner_work=0 wait_false_runtime_admission=0 wait_false_runtime_wake=117 wait_false_present_complete_pending=0 wait_false_render_permission=0 render_permission_redraw_requested=0 render_permission_render_work_pending=0 terminal_keep=0 terminal_should_redraw=117 terminal_drive_performed=117 render_step_surface_idle=0 render_step_idle_prepare=0 render_step_idle_submit=0 render_step_blocked_present=0 render_step_rendered=117 render_step_failed=0 present_submitted=117 present_skipped=0 present_complete_drained=0 present_reason_none=0 present_reason_host_damage=0 present_reason_terminal_frame=117 present_reason_terminal_retire=0 sdl_wait_pump=0 sdl_poll_pump=117
howl-debug thread tid=24937 name=howl-main cpu_milli=1001 ticks=101
howl-debug thread tid=24950 name=howl-term-host cpu_milli=0 ticks=0
howl-debug thread tid=24951 name=SDLTimer cpu_milli=0 ticks=0
howl-debug turn=1044 interval_ms=1001 process_cpu_milli=998 process_ticks=100 wake_count=1 runtime_due_count=0 render_pending_count=0 host_redraw=false terminal_redraw=true loop_turns=116
howl-debug counters wait_true=0 wait_false=116 wait_false_owner_work=0 wait_false_runtime_admission=0 wait_false_runtime_wake=116 wait_false_present_complete_pending=0 wait_false_render_permission=0 render_permission_redraw_requested=0 render_permission_render_work_pending=0 terminal_keep=0 terminal_should_redraw=116 terminal_drive_performed=116 render_step_surface_idle=0 render_step_idle_prepare=0 render_step_idle_submit=0 render_step_blocked_present=0 render_step_rendered=116 render_step_failed=0 present_submitted=116 present_skipped=0 present_complete_drained=0 present_reason_none=0 present_reason_host_damage=0 present_reason_terminal_frame=116 present_reason_terminal_retire=0 sdl_wait_pump=0 sdl_poll_pump=116
howl-debug thread tid=24937 name=howl-main cpu_milli=998 ticks=100
howl-debug thread tid=24950 name=howl-term-host cpu_milli=0 ticks=0
howl-debug thread tid=24951 name=SDLTimer cpu_milli=0 ticks=0
