howl-debug turn=121 interval_ms=1008 process_cpu_milli=1011 process_ticks=102 wake_count=1 runtime_due_count=0 render_pending_count=0 host_redraw=false terminal_redraw=true loop_turns=120
howl-debug counters wait_true=14 wait_false=106 wait_false_owner_work=0 wait_false_runtime_admission=0 wait_false_runtime_wake=105 wait_false_present_complete_pending=0 wait_false_render_permission=1 render_permission_redraw_requested=0 render_permission_render_work_pending=1 terminal_keep=0 terminal_should_redraw=119 terminal_drive_performed=119 render_step_surface_idle=0 render_step_idle_prepare=0 render_step_idle_submit=0 render_step_blocked_present=0 render_step_rendered=106 render_step_failed=0 present_submitted=106 present_skipped=0 present_complete_drained=0 present_reason_none=0 present_reason_host_damage=0 present_reason_terminal_frame=106 present_reason_terminal_retire=0 sdl_wait_pump=14 sdl_poll_pump=106
howl-debug timing render_turn_avg_us=8941 render_turn_max_us=29522 render_prepare_avg_us=8258 render_prepare_max_us=27826 render_upload_avg_us=640 render_upload_max_us=1844 render_retained_submit_avg_us=2 render_retained_submit_max_us=82 present_submit_avg_us=116 present_submit_max_us=1421
howl-debug thread tid=27718 name=howl-main cpu_milli=991 ticks=100
howl-debug thread tid=27728 name=howl-term-host cpu_milli=0 ticks=0
howl-debug thread tid=27729 name=SDLTimer cpu_milli=0 ticks=0
howl-debug turn=233 interval_ms=1004 process_cpu_milli=995 process_ticks=100 wake_count=1 runtime_due_count=0 render_pending_count=0 host_redraw=false terminal_redraw=true loop_turns=112
howl-debug counters wait_true=0 wait_false=112 wait_false_owner_work=0 wait_false_runtime_admission=0 wait_false_runtime_wake=112 wait_false_present_complete_pending=0 wait_false_render_permission=0 render_permission_redraw_requested=0 render_permission_render_work_pending=0 terminal_keep=0 terminal_should_redraw=112 terminal_drive_performed=112 render_step_surface_idle=0 render_step_idle_prepare=0 render_step_idle_submit=0 render_step_blocked_present=0 render_step_rendered=112 render_step_failed=0 present_submitted=112 present_skipped=0 present_complete_drained=0 present_reason_none=0 present_reason_host_damage=0 present_reason_terminal_frame=112 present_reason_terminal_retire=0 sdl_wait_pump=0 sdl_poll_pump=112
howl-debug timing render_turn_avg_us=8461 render_turn_max_us=9306 render_prepare_avg_us=7962 render_prepare_max_us=8596 render_upload_avg_us=492 render_upload_max_us=795 render_retained_submit_avg_us=1 render_retained_submit_max_us=2 present_submit_avg_us=96 present_submit_max_us=163
howl-debug thread tid=27718 name=howl-main cpu_milli=1005 ticks=101
howl-debug thread tid=27728 name=howl-term-host cpu_milli=0 ticks=0
howl-debug thread tid=27729 name=SDLTimer cpu_milli=0 ticks=0
howl-debug turn=348 interval_ms=1002 process_cpu_milli=997 process_ticks=100 wake_count=1 runtime_due_count=0 render_pending_count=0 host_redraw=false terminal_redraw=true loop_turns=115
howl-debug counters wait_true=0 wait_false=115 wait_false_owner_work=0 wait_false_runtime_admission=0 wait_false_runtime_wake=115 wait_false_present_complete_pending=0 wait_false_render_permission=0 render_permission_redraw_requested=0 render_permission_render_work_pending=0 terminal_keep=0 terminal_should_redraw=115 terminal_drive_performed=115 render_step_surface_idle=0 render_step_idle_prepare=0 render_step_idle_submit=0 render_step_blocked_present=0 render_step_rendered=115 render_step_failed=0 present_submitted=115 present_skipped=0 present_complete_drained=0 present_reason_none=0 present_reason_host_damage=0 present_reason_terminal_frame=115 present_reason_terminal_retire=0 sdl_wait_pump=0 sdl_poll_pump=115
howl-debug timing render_turn_avg_us=8199 render_turn_max_us=9069 render_prepare_avg_us=7787 render_prepare_max_us=8319 render_upload_avg_us=405 render_upload_max_us=908 render_retained_submit_avg_us=1 render_retained_submit_max_us=3 present_submit_avg_us=103 present_submit_max_us=988
howl-debug thread tid=27718 name=howl-main cpu_milli=997 ticks=100
howl-debug thread tid=27728 name=howl-term-host cpu_milli=0 ticks=0
howl-debug thread tid=27729 name=SDLTimer cpu_milli=0 ticks=0
howl-debug turn=460 interval_ms=1006 process_cpu_milli=993 process_ticks=100 wake_count=1 runtime_due_count=0 render_pending_count=0 host_redraw=false terminal_redraw=true loop_turns=112
howl-debug counters wait_true=0 wait_false=112 wait_false_owner_work=0 wait_false_runtime_admission=0 wait_false_runtime_wake=112 wait_false_present_complete_pending=0 wait_false_render_permission=0 render_permission_redraw_requested=0 render_permission_render_work_pending=0 terminal_keep=0 terminal_should_redraw=112 terminal_drive_performed=112 render_step_surface_idle=0 render_step_idle_prepare=0 render_step_idle_submit=0 render_step_blocked_present=0 render_step_rendered=112 render_step_failed=0 present_submitted=112 present_skipped=0 present_complete_drained=0 present_reason_none=0 present_reason_host_damage=0 present_reason_terminal_frame=112 present_reason_terminal_retire=0 sdl_wait_pump=0 sdl_poll_pump=112
howl-debug timing render_turn_avg_us=8479 render_turn_max_us=12438 render_prepare_avg_us=7966 render_prepare_max_us=11391 render_upload_avg_us=503 render_upload_max_us=1046 render_retained_submit_avg_us=1 render_retained_submit_max_us=3 present_submit_avg_us=100 present_submit_max_us=152
howl-debug thread tid=27718 name=howl-main cpu_milli=993 ticks=100
howl-debug thread tid=27728 name=howl-term-host cpu_milli=0 ticks=0
howl-debug thread tid=27729 name=SDLTimer cpu_milli=0 ticks=0
howl-debug turn=571 interval_ms=1004 process_cpu_milli=1005 process_ticks=101 wake_count=1 runtime_due_count=0 render_pending_count=0 host_redraw=false terminal_redraw=true loop_turns=111
howl-debug counters wait_true=0 wait_false=111 wait_false_owner_work=0 wait_false_runtime_admission=0 wait_false_runtime_wake=111 wait_false_present_complete_pending=0 wait_false_render_permission=0 render_permission_redraw_requested=0 render_permission_render_work_pending=0 terminal_keep=0 terminal_should_redraw=111 terminal_drive_performed=111 render_step_surface_idle=0 render_step_idle_prepare=0 render_step_idle_submit=0 render_step_blocked_present=0 render_step_rendered=111 render_step_failed=0 present_submitted=111 present_skipped=0 present_complete_drained=0 present_reason_none=0 present_reason_host_damage=0 present_reason_terminal_frame=111 present_reason_terminal_retire=0 sdl_wait_pump=0 sdl_poll_pump=111
howl-debug timing render_turn_avg_us=8555 render_turn_max_us=9668 render_prepare_avg_us=7967 render_prepare_max_us=8623 render_upload_avg_us=582 render_upload_max_us=1267 render_retained_submit_avg_us=1 render_retained_submit_max_us=2 present_submit_avg_us=88 present_submit_max_us=141
howl-debug thread tid=27718 name=howl-main cpu_milli=995 ticks=100
howl-debug thread tid=27728 name=howl-term-host cpu_milli=0 ticks=0
howl-debug thread tid=27729 name=SDLTimer cpu_milli=0 ticks=0
howl-debug turn=686 interval_ms=1004 process_cpu_milli=995 process_ticks=100 wake_count=1 runtime_due_count=0 render_pending_count=0 host_redraw=false terminal_redraw=true loop_turns=115
howl-debug counters wait_true=0 wait_false=115 wait_false_owner_work=0 wait_false_runtime_admission=0 wait_false_runtime_wake=115 wait_false_present_complete_pending=0 wait_false_render_permission=0 render_permission_redraw_requested=0 render_permission_render_work_pending=0 terminal_keep=0 terminal_should_redraw=115 terminal_drive_performed=115 render_step_surface_idle=0 render_step_idle_prepare=0 render_step_idle_submit=0 render_step_blocked_present=0 render_step_rendered=115 render_step_failed=0 present_submitted=115 present_skipped=0 present_complete_drained=0 present_reason_none=0 present_reason_host_damage=0 present_reason_terminal_frame=115 present_reason_terminal_retire=0 sdl_wait_pump=0 sdl_poll_pump=115
howl-debug timing render_turn_avg_us=8235 render_turn_max_us=9212 render_prepare_avg_us=7797 render_prepare_max_us=8511 render_upload_avg_us=432 render_upload_max_us=885 render_retained_submit_avg_us=1 render_retained_submit_max_us=2 present_submit_avg_us=93 present_submit_max_us=152
howl-debug thread tid=27718 name=howl-main cpu_milli=1005 ticks=101
howl-debug thread tid=27728 name=howl-term-host cpu_milli=0 ticks=0
howl-debug thread tid=27729 name=SDLTimer cpu_milli=0 ticks=0
howl-debug turn=799 interval_ms=1002 process_cpu_milli=997 process_ticks=100 wake_count=1 runtime_due_count=0 render_pending_count=0 host_redraw=false terminal_redraw=true loop_turns=113
howl-debug counters wait_true=0 wait_false=113 wait_false_owner_work=0 wait_false_runtime_admission=0 wait_false_runtime_wake=113 wait_false_present_complete_pending=0 wait_false_render_permission=0 render_permission_redraw_requested=0 render_permission_render_work_pending=0 terminal_keep=0 terminal_should_redraw=113 terminal_drive_performed=113 render_step_surface_idle=0 render_step_idle_prepare=0 render_step_idle_submit=0 render_step_blocked_present=0 render_step_rendered=113 render_step_failed=0 present_submitted=113 present_skipped=0 present_complete_drained=0 present_reason_none=0 present_reason_host_damage=0 present_reason_terminal_frame=113 present_reason_terminal_retire=0 sdl_wait_pump=0 sdl_poll_pump=113
howl-debug timing render_turn_avg_us=8356 render_turn_max_us=11789 render_prepare_avg_us=7879 render_prepare_max_us=11044 render_upload_avg_us=471 render_upload_max_us=877 render_retained_submit_avg_us=1 render_retained_submit_max_us=2 present_submit_avg_us=108 present_submit_max_us=1539
howl-debug thread tid=27718 name=howl-main cpu_milli=997 ticks=100
howl-debug thread tid=27728 name=howl-term-host cpu_milli=0 ticks=0
howl-debug thread tid=27729 name=SDLTimer cpu_milli=0 ticks=0
howl-debug turn=914 interval_ms=1008 process_cpu_milli=1001 process_ticks=101 wake_count=1 runtime_due_count=0 render_pending_count=0 host_redraw=false terminal_redraw=true loop_turns=115
howl-debug counters wait_true=0 wait_false=115 wait_false_owner_work=0 wait_false_runtime_admission=0 wait_false_runtime_wake=115 wait_false_present_complete_pending=0 wait_false_render_permission=0 render_permission_redraw_requested=0 render_permission_render_work_pending=0 terminal_keep=0 terminal_should_redraw=115 terminal_drive_performed=115 render_step_surface_idle=0 render_step_idle_prepare=0 render_step_idle_submit=0 render_step_blocked_present=0 render_step_rendered=115 render_step_failed=0 present_submitted=115 present_skipped=0 present_complete_drained=0 present_reason_none=0 present_reason_host_damage=0 present_reason_terminal_frame=115 present_reason_terminal_retire=0 sdl_wait_pump=0 sdl_poll_pump=115
howl-debug timing render_turn_avg_us=8263 render_turn_max_us=9467 render_prepare_avg_us=7813 render_prepare_max_us=8667 render_upload_avg_us=442 render_upload_max_us=857 render_retained_submit_avg_us=1 render_retained_submit_max_us=3 present_submit_avg_us=96 present_submit_max_us=150
howl-debug thread tid=27718 name=howl-main cpu_milli=981 ticks=99
howl-debug thread tid=27728 name=howl-term-host cpu_milli=19 ticks=2
howl-debug thread tid=27729 name=SDLTimer cpu_milli=0 ticks=0
howl-debug turn=1029 interval_ms=1001 process_cpu_milli=998 process_ticks=100 wake_count=1 runtime_due_count=0 render_pending_count=0 host_redraw=false terminal_redraw=true loop_turns=115
howl-debug counters wait_true=0 wait_false=115 wait_false_owner_work=0 wait_false_runtime_admission=0 wait_false_runtime_wake=115 wait_false_present_complete_pending=0 wait_false_render_permission=0 render_permission_redraw_requested=0 render_permission_render_work_pending=0 terminal_keep=0 terminal_should_redraw=115 terminal_drive_performed=115 render_step_surface_idle=0 render_step_idle_prepare=0 render_step_idle_submit=0 render_step_blocked_present=0 render_step_rendered=115 render_step_failed=0 present_submitted=115 present_skipped=0 present_complete_drained=0 present_reason_none=0 present_reason_host_damage=0 present_reason_terminal_frame=115 present_reason_terminal_retire=0 sdl_wait_pump=0 sdl_poll_pump=115
howl-debug timing render_turn_avg_us=8218 render_turn_max_us=10565 render_prepare_avg_us=7798 render_prepare_max_us=10029 render_upload_avg_us=414 render_upload_max_us=804 render_retained_submit_avg_us=1 render_retained_submit_max_us=2 present_submit_avg_us=92 present_submit_max_us=154
howl-debug thread tid=27718 name=howl-main cpu_milli=1008 ticks=101
howl-debug thread tid=27728 name=howl-term-host cpu_milli=0 ticks=0
howl-debug thread tid=27729 name=SDLTimer cpu_milli=0 ticks=0
howl-debug turn=1143 interval_ms=1001 process_cpu_milli=998 process_ticks=100 wake_count=1 runtime_due_count=0 render_pending_count=0 host_redraw=false terminal_redraw=true loop_turns=114
howl-debug counters wait_true=0 wait_false=114 wait_false_owner_work=0 wait_false_runtime_admission=0 wait_false_runtime_wake=114 wait_false_present_complete_pending=0 wait_false_render_permission=0 render_permission_redraw_requested=0 render_permission_render_work_pending=0 terminal_keep=0 terminal_should_redraw=114 terminal_drive_performed=114 render_step_surface_idle=0 render_step_idle_prepare=0 render_step_idle_submit=0 render_step_blocked_present=0 render_step_rendered=114 render_step_failed=0 present_submitted=114 present_skipped=0 present_complete_drained=0 present_reason_none=0 present_reason_host_damage=0 present_reason_terminal_frame=114 present_reason_terminal_retire=0 sdl_wait_pump=0 sdl_poll_pump=114
howl-debug timing render_turn_avg_us=8291 render_turn_max_us=9752 render_prepare_avg_us=7804 render_prepare_max_us=8817 render_upload_avg_us=482 render_upload_max_us=927 render_retained_submit_avg_us=1 render_retained_submit_max_us=1 present_submit_avg_us=89 present_submit_max_us=138
howl-debug thread tid=27718 name=howl-main cpu_milli=988 ticks=99
howl-debug thread tid=27728 name=howl-term-host cpu_milli=0 ticks=0
howl-debug thread tid=27729 name=SDLTimer cpu_milli=0 ticks=0
