howl-debug turn=118 interval_ms=1004 process_cpu_milli=1005 process_ticks=101 wake_count=1 runtime_due_count=0 render_pending_count=0 host_redraw=false terminal_redraw=true loop_turns=117
howl-debug counters wait_true=13 wait_false=104 wait_false_owner_work=0 wait_false_runtime_admission=0 wait_false_runtime_wake=103 wait_false_present_complete_pending=0 wait_false_render_permission=1 render_permission_redraw_requested=0 render_permission_render_work_pending=1 terminal_keep=0 terminal_should_redraw=117 terminal_drive_performed=117 render_step_surface_idle=0 render_step_idle_prepare=0 render_step_idle_submit=0 render_step_blocked_present=0 render_step_rendered=104 render_step_failed=0 present_submitted=104 present_skipped=0 present_complete_drained=0 present_reason_none=0 present_reason_host_damage=0 present_reason_terminal_frame=104 present_reason_terminal_retire=0 sdl_wait_pump=13 sdl_poll_pump=104
howl-debug thread tid=14194 name=howl-main cpu_milli=995 ticks=100
howl-debug thread tid=14198 name=howl-term-host cpu_milli=0 ticks=0
howl-debug thread tid=14199 name=SDLTimer cpu_milli=0 ticks=0
howl-debug turn=227 interval_ms=1007 process_cpu_milli=992 process_ticks=100 wake_count=1 runtime_due_count=0 render_pending_count=0 host_redraw=false terminal_redraw=true loop_turns=109
howl-debug counters wait_true=0 wait_false=109 wait_false_owner_work=0 wait_false_runtime_admission=0 wait_false_runtime_wake=109 wait_false_present_complete_pending=0 wait_false_render_permission=0 render_permission_redraw_requested=0 render_permission_render_work_pending=0 terminal_keep=0 terminal_should_redraw=109 terminal_drive_performed=109 render_step_surface_idle=0 render_step_idle_prepare=0 render_step_idle_submit=0 render_step_blocked_present=0 render_step_rendered=109 render_step_failed=0 present_submitted=109 present_skipped=0 present_complete_drained=0 present_reason_none=0 present_reason_host_damage=0 present_reason_terminal_frame=109 present_reason_terminal_retire=0 sdl_wait_pump=0 sdl_poll_pump=109
howl-debug thread tid=14194 name=howl-main cpu_milli=1002 ticks=101
howl-debug thread tid=14198 name=howl-term-host cpu_milli=0 ticks=0
howl-debug thread tid=14199 name=SDLTimer cpu_milli=0 ticks=0
howl-debug turn=339 interval_ms=1002 process_cpu_milli=1007 process_ticks=101 wake_count=1 runtime_due_count=0 render_pending_count=0 host_redraw=false terminal_redraw=true loop_turns=112
howl-debug counters wait_true=0 wait_false=112 wait_false_owner_work=0 wait_false_runtime_admission=0 wait_false_runtime_wake=112 wait_false_present_complete_pending=0 wait_false_render_permission=0 render_permission_redraw_requested=0 render_permission_render_work_pending=0 terminal_keep=0 terminal_should_redraw=112 terminal_drive_performed=112 render_step_surface_idle=0 render_step_idle_prepare=0 render_step_idle_submit=0 render_step_blocked_present=0 render_step_rendered=112 render_step_failed=0 present_submitted=112 present_skipped=0 present_complete_drained=0 present_reason_none=0 present_reason_host_damage=0 present_reason_terminal_frame=112 present_reason_terminal_retire=0 sdl_wait_pump=0 sdl_poll_pump=112
howl-debug thread tid=14194 name=howl-main cpu_milli=997 ticks=100
howl-debug thread tid=14198 name=howl-term-host cpu_milli=0 ticks=0
howl-debug thread tid=14199 name=SDLTimer cpu_milli=0 ticks=0
howl-debug turn=450 interval_ms=1006 process_cpu_milli=993 process_ticks=100 wake_count=1 runtime_due_count=0 render_pending_count=0 host_redraw=false terminal_redraw=true loop_turns=111
howl-debug counters wait_true=0 wait_false=111 wait_false_owner_work=0 wait_false_runtime_admission=0 wait_false_runtime_wake=111 wait_false_present_complete_pending=0 wait_false_render_permission=0 render_permission_redraw_requested=0 render_permission_render_work_pending=0 terminal_keep=0 terminal_should_redraw=111 terminal_drive_performed=111 render_step_surface_idle=0 render_step_idle_prepare=0 render_step_idle_submit=0 render_step_blocked_present=0 render_step_rendered=111 render_step_failed=0 present_submitted=111 present_skipped=0 present_complete_drained=0 present_reason_none=0 present_reason_host_damage=0 present_reason_terminal_frame=111 present_reason_terminal_retire=0 sdl_wait_pump=0 sdl_poll_pump=111
howl-debug thread tid=14194 name=howl-main cpu_milli=993 ticks=100
howl-debug thread tid=14198 name=howl-term-host cpu_milli=0 ticks=0
howl-debug thread tid=14199 name=SDLTimer cpu_milli=0 ticks=0
howl-debug turn=559 interval_ms=1004 process_cpu_milli=995 process_ticks=100 wake_count=1 runtime_due_count=0 render_pending_count=0 host_redraw=false terminal_redraw=true loop_turns=109
howl-debug counters wait_true=0 wait_false=109 wait_false_owner_work=0 wait_false_runtime_admission=0 wait_false_runtime_wake=109 wait_false_present_complete_pending=0 wait_false_render_permission=0 render_permission_redraw_requested=0 render_permission_render_work_pending=0 terminal_keep=0 terminal_should_redraw=109 terminal_drive_performed=109 render_step_surface_idle=0 render_step_idle_prepare=0 render_step_idle_submit=0 render_step_blocked_present=0 render_step_rendered=109 render_step_failed=0 present_submitted=109 present_skipped=0 present_complete_drained=0 present_reason_none=0 present_reason_host_damage=0 present_reason_terminal_frame=109 present_reason_terminal_retire=0 sdl_wait_pump=0 sdl_poll_pump=109
howl-debug thread tid=14194 name=howl-main cpu_milli=995 ticks=100
howl-debug thread tid=14198 name=howl-term-host cpu_milli=9 ticks=1
howl-debug thread tid=14199 name=SDLTimer cpu_milli=0 ticks=0
howl-debug turn=670 interval_ms=1000 process_cpu_milli=999 process_ticks=100 wake_count=1 runtime_due_count=0 render_pending_count=0 host_redraw=false terminal_redraw=true loop_turns=111
howl-debug counters wait_true=0 wait_false=111 wait_false_owner_work=0 wait_false_runtime_admission=0 wait_false_runtime_wake=111 wait_false_present_complete_pending=0 wait_false_render_permission=0 render_permission_redraw_requested=0 render_permission_render_work_pending=0 terminal_keep=0 terminal_should_redraw=111 terminal_drive_performed=111 render_step_surface_idle=0 render_step_idle_prepare=0 render_step_idle_submit=0 render_step_blocked_present=0 render_step_rendered=111 render_step_failed=0 present_submitted=111 present_skipped=0 present_complete_drained=0 present_reason_none=0 present_reason_host_damage=0 present_reason_terminal_frame=111 present_reason_terminal_retire=0 sdl_wait_pump=0 sdl_poll_pump=111
howl-debug thread tid=14194 name=howl-main cpu_milli=999 ticks=100
howl-debug thread tid=14198 name=howl-term-host cpu_milli=0 ticks=0
howl-debug thread tid=14199 name=SDLTimer cpu_milli=0 ticks=0
howl-debug turn=783 interval_ms=1009 process_cpu_milli=1000 process_ticks=101 wake_count=1 runtime_due_count=0 render_pending_count=0 host_redraw=false terminal_redraw=true loop_turns=113
howl-debug counters wait_true=0 wait_false=113 wait_false_owner_work=0 wait_false_runtime_admission=0 wait_false_runtime_wake=113 wait_false_present_complete_pending=0 wait_false_render_permission=0 render_permission_redraw_requested=0 render_permission_render_work_pending=0 terminal_keep=0 terminal_should_redraw=113 terminal_drive_performed=113 render_step_surface_idle=0 render_step_idle_prepare=0 render_step_idle_submit=0 render_step_blocked_present=0 render_step_rendered=113 render_step_failed=0 present_submitted=113 present_skipped=0 present_complete_drained=0 present_reason_none=0 present_reason_host_damage=0 present_reason_terminal_frame=113 present_reason_terminal_retire=0 sdl_wait_pump=0 sdl_poll_pump=113
howl-debug thread tid=14194 name=howl-main cpu_milli=991 ticks=100
howl-debug thread tid=14198 name=howl-term-host cpu_milli=0 ticks=0
howl-debug thread tid=14199 name=SDLTimer cpu_milli=0 ticks=0
howl-debug turn=896 interval_ms=1001 process_cpu_milli=998 process_ticks=100 wake_count=1 runtime_due_count=0 render_pending_count=0 host_redraw=false terminal_redraw=true loop_turns=113
howl-debug counters wait_true=0 wait_false=113 wait_false_owner_work=0 wait_false_runtime_admission=0 wait_false_runtime_wake=113 wait_false_present_complete_pending=0 wait_false_render_permission=0 render_permission_redraw_requested=0 render_permission_render_work_pending=0 terminal_keep=0 terminal_should_redraw=113 terminal_drive_performed=113 render_step_surface_idle=0 render_step_idle_prepare=0 render_step_idle_submit=0 render_step_blocked_present=0 render_step_rendered=113 render_step_failed=0 present_submitted=113 present_skipped=0 present_complete_drained=0 present_reason_none=0 present_reason_host_damage=0 present_reason_terminal_frame=113 present_reason_terminal_retire=0 sdl_wait_pump=0 sdl_poll_pump=113
howl-debug thread tid=14194 name=howl-main cpu_milli=998 ticks=100
howl-debug thread tid=14198 name=howl-term-host cpu_milli=0 ticks=0
howl-debug thread tid=14199 name=SDLTimer cpu_milli=0 ticks=0
howl-debug turn=1009 interval_ms=1004 process_cpu_milli=995 process_ticks=100 wake_count=1 runtime_due_count=0 render_pending_count=0 host_redraw=false terminal_redraw=true loop_turns=113
howl-debug counters wait_true=0 wait_false=113 wait_false_owner_work=0 wait_false_runtime_admission=0 wait_false_runtime_wake=113 wait_false_present_complete_pending=0 wait_false_render_permission=0 render_permission_redraw_requested=0 render_permission_render_work_pending=0 terminal_keep=0 terminal_should_redraw=113 terminal_drive_performed=113 render_step_surface_idle=0 render_step_idle_prepare=0 render_step_idle_submit=0 render_step_blocked_present=0 render_step_rendered=113 render_step_failed=0 present_submitted=113 present_skipped=0 present_complete_drained=0 present_reason_none=0 present_reason_host_damage=0 present_reason_terminal_frame=113 present_reason_terminal_retire=0 sdl_wait_pump=0 sdl_poll_pump=113
howl-debug thread tid=14194 name=howl-main cpu_milli=995 ticks=100
howl-debug thread tid=14198 name=howl-term-host cpu_milli=0 ticks=0
howl-debug thread tid=14199 name=SDLTimer cpu_milli=0 ticks=0
howl-debug turn=1121 interval_ms=1001 process_cpu_milli=1008 process_ticks=101 wake_count=1 runtime_due_count=0 render_pending_count=0 host_redraw=false terminal_redraw=true loop_turns=112
howl-debug counters wait_true=0 wait_false=112 wait_false_owner_work=0 wait_false_runtime_admission=0 wait_false_runtime_wake=112 wait_false_present_complete_pending=0 wait_false_render_permission=0 render_permission_redraw_requested=0 render_permission_render_work_pending=0 terminal_keep=0 terminal_should_redraw=112 terminal_drive_performed=112 render_step_surface_idle=0 render_step_idle_prepare=0 render_step_idle_submit=0 render_step_blocked_present=0 render_step_rendered=112 render_step_failed=0 present_submitted=112 present_skipped=0 present_complete_drained=0 present_reason_none=0 present_reason_host_damage=0 present_reason_terminal_frame=112 present_reason_terminal_retire=0 sdl_wait_pump=0 sdl_poll_pump=112
howl-debug thread tid=14194 name=howl-main cpu_milli=998 ticks=100
howl-debug thread tid=14198 name=howl-term-host cpu_milli=0 ticks=0
howl-debug thread tid=14199 name=SDLTimer cpu_milli=0 ticks=0
