howl-debug turn=122 interval_ms=1000 process_cpu_milli=999 process_ticks=100 wake_count=1 runtime_due_count=0 render_pending_count=0 host_redraw=false terminal_redraw=true loop_turns=121
howl-debug counters wait_true=14 wait_false=107 wait_false_owner_work=0 wait_false_runtime_admission=0 wait_false_runtime_wake=106 wait_false_present_complete_pending=0 wait_false_render_permission=1 render_permission_redraw_requested=0 render_permission_render_work_pending=1 terminal_keep=0 terminal_should_redraw=120 terminal_drive_performed=120 render_step_surface_idle=0 render_step_idle_prepare=0 render_step_idle_submit=0 render_step_blocked_present=0 render_step_rendered=107 render_step_failed=0 present_submitted=107 present_skipped=0 present_complete_drained=0 present_reason_none=0 present_reason_host_damage=0 present_reason_terminal_frame=107 present_reason_terminal_retire=0 sdl_wait_pump=14 sdl_poll_pump=107
howl-debug timing render_turn_avg_us=8787 render_turn_max_us=29132 render_upload_avg_us=436 render_upload_max_us=1529 render_retained_submit_avg_us=2 render_retained_submit_max_us=80 present_submit_avg_us=114 present_submit_max_us=1478
howl-debug thread tid=25958 name=howl-main cpu_milli=999 ticks=100
howl-debug thread tid=25962 name=howl-term-host cpu_milli=0 ticks=0
howl-debug thread tid=25963 name=SDLTimer cpu_milli=0 ticks=0
howl-debug turn=236 interval_ms=1004 process_cpu_milli=1005 process_ticks=101 wake_count=1 runtime_due_count=0 render_pending_count=0 host_redraw=false terminal_redraw=true loop_turns=114
howl-debug counters wait_true=0 wait_false=114 wait_false_owner_work=0 wait_false_runtime_admission=0 wait_false_runtime_wake=114 wait_false_present_complete_pending=0 wait_false_render_permission=0 render_permission_redraw_requested=0 render_permission_render_work_pending=0 terminal_keep=0 terminal_should_redraw=114 terminal_drive_performed=114 render_step_surface_idle=0 render_step_idle_prepare=0 render_step_idle_submit=0 render_step_blocked_present=0 render_step_rendered=114 render_step_failed=0 present_submitted=114 present_skipped=0 present_complete_drained=0 present_reason_none=0 present_reason_host_damage=0 present_reason_terminal_frame=114 present_reason_terminal_retire=0 sdl_wait_pump=0 sdl_poll_pump=114
howl-debug timing render_turn_avg_us=8323 render_turn_max_us=9092 render_upload_avg_us=336 render_upload_max_us=552 render_retained_submit_avg_us=1 render_retained_submit_max_us=2 present_submit_avg_us=96 present_submit_max_us=171
howl-debug thread tid=25958 name=howl-main cpu_milli=995 ticks=100
howl-debug thread tid=25962 name=howl-term-host cpu_milli=0 ticks=0
howl-debug thread tid=25963 name=SDLTimer cpu_milli=0 ticks=0
howl-debug turn=351 interval_ms=1000 process_cpu_milli=989 process_ticks=99 wake_count=1 runtime_due_count=0 render_pending_count=0 host_redraw=false terminal_redraw=true loop_turns=115
howl-debug counters wait_true=0 wait_false=115 wait_false_owner_work=0 wait_false_runtime_admission=0 wait_false_runtime_wake=115 wait_false_present_complete_pending=0 wait_false_render_permission=0 render_permission_redraw_requested=0 render_permission_render_work_pending=0 terminal_keep=0 terminal_should_redraw=115 terminal_drive_performed=115 render_step_surface_idle=0 render_step_idle_prepare=0 render_step_idle_submit=0 render_step_blocked_present=0 render_step_rendered=115 render_step_failed=0 present_submitted=115 present_skipped=0 present_complete_drained=0 present_reason_none=0 present_reason_host_damage=0 present_reason_terminal_frame=115 present_reason_terminal_retire=0 sdl_wait_pump=0 sdl_poll_pump=115
howl-debug timing render_turn_avg_us=8197 render_turn_max_us=10665 render_upload_avg_us=305 render_upload_max_us=682 render_retained_submit_avg_us=1 render_retained_submit_max_us=1 present_submit_avg_us=99 present_submit_max_us=154
howl-debug thread tid=25958 name=howl-main cpu_milli=999 ticks=100
howl-debug thread tid=25962 name=howl-term-host cpu_milli=0 ticks=0
howl-debug thread tid=25963 name=SDLTimer cpu_milli=0 ticks=0
howl-debug turn=466 interval_ms=1007 process_cpu_milli=1002 process_ticks=101 wake_count=1 runtime_due_count=0 render_pending_count=0 host_redraw=false terminal_redraw=true loop_turns=115
howl-debug counters wait_true=0 wait_false=115 wait_false_owner_work=0 wait_false_runtime_admission=0 wait_false_runtime_wake=115 wait_false_present_complete_pending=0 wait_false_render_permission=0 render_permission_redraw_requested=0 render_permission_render_work_pending=0 terminal_keep=0 terminal_should_redraw=115 terminal_drive_performed=115 render_step_surface_idle=0 render_step_idle_prepare=0 render_step_idle_submit=0 render_step_blocked_present=0 render_step_rendered=115 render_step_failed=0 present_submitted=115 present_skipped=0 present_complete_drained=0 present_reason_none=0 present_reason_host_damage=0 present_reason_terminal_frame=115 present_reason_terminal_retire=0 sdl_wait_pump=0 sdl_poll_pump=115
howl-debug timing render_turn_avg_us=8263 render_turn_max_us=9023 render_upload_avg_us=358 render_upload_max_us=690 render_retained_submit_avg_us=1 render_retained_submit_max_us=1 present_submit_avg_us=97 present_submit_max_us=136
howl-debug thread tid=25958 name=howl-main cpu_milli=992 ticks=100
howl-debug thread tid=25962 name=howl-term-host cpu_milli=0 ticks=0
howl-debug thread tid=25963 name=SDLTimer cpu_milli=0 ticks=0
howl-debug turn=579 interval_ms=1008 process_cpu_milli=991 process_ticks=100 wake_count=1 runtime_due_count=0 render_pending_count=0 host_redraw=false terminal_redraw=true loop_turns=113
howl-debug counters wait_true=0 wait_false=113 wait_false_owner_work=0 wait_false_runtime_admission=0 wait_false_runtime_wake=113 wait_false_present_complete_pending=0 wait_false_render_permission=0 render_permission_redraw_requested=0 render_permission_render_work_pending=0 terminal_keep=0 terminal_should_redraw=113 terminal_drive_performed=113 render_step_surface_idle=0 render_step_idle_prepare=0 render_step_idle_submit=0 render_step_blocked_present=0 render_step_rendered=113 render_step_failed=0 present_submitted=113 present_skipped=0 present_complete_drained=0 present_reason_none=0 present_reason_host_damage=0 present_reason_terminal_frame=113 present_reason_terminal_retire=0 sdl_wait_pump=0 sdl_poll_pump=113
howl-debug timing render_turn_avg_us=8421 render_turn_max_us=9366 render_upload_avg_us=419 render_upload_max_us=1049 render_retained_submit_avg_us=1 render_retained_submit_max_us=2 present_submit_avg_us=100 present_submit_max_us=753
howl-debug thread tid=25958 name=howl-main cpu_milli=1001 ticks=101
howl-debug thread tid=25962 name=howl-term-host cpu_milli=0 ticks=0
howl-debug thread tid=25963 name=SDLTimer cpu_milli=0 ticks=0
howl-debug turn=695 interval_ms=1002 process_cpu_milli=1007 process_ticks=101 wake_count=1 runtime_due_count=0 render_pending_count=0 host_redraw=false terminal_redraw=true loop_turns=116
howl-debug counters wait_true=0 wait_false=116 wait_false_owner_work=0 wait_false_runtime_admission=0 wait_false_runtime_wake=116 wait_false_present_complete_pending=0 wait_false_render_permission=0 render_permission_redraw_requested=0 render_permission_render_work_pending=0 terminal_keep=0 terminal_should_redraw=116 terminal_drive_performed=116 render_step_surface_idle=0 render_step_idle_prepare=0 render_step_idle_submit=0 render_step_blocked_present=0 render_step_rendered=116 render_step_failed=0 present_submitted=116 present_skipped=0 present_complete_drained=0 present_reason_none=0 present_reason_host_damage=0 present_reason_terminal_frame=116 present_reason_terminal_retire=0 sdl_wait_pump=0 sdl_poll_pump=116
howl-debug timing render_turn_avg_us=8150 render_turn_max_us=11226 render_upload_avg_us=307 render_upload_max_us=634 render_retained_submit_avg_us=0 render_retained_submit_max_us=2 present_submit_avg_us=94 present_submit_max_us=150
howl-debug thread tid=25958 name=howl-main cpu_milli=997 ticks=100
howl-debug thread tid=25962 name=howl-term-host cpu_milli=0 ticks=0
howl-debug thread tid=25963 name=SDLTimer cpu_milli=0 ticks=0
howl-debug turn=810 interval_ms=1005 process_cpu_milli=1004 process_ticks=101 wake_count=1 runtime_due_count=0 render_pending_count=0 host_redraw=false terminal_redraw=true loop_turns=115
howl-debug counters wait_true=0 wait_false=115 wait_false_owner_work=0 wait_false_runtime_admission=0 wait_false_runtime_wake=115 wait_false_present_complete_pending=0 wait_false_render_permission=0 render_permission_redraw_requested=0 render_permission_render_work_pending=0 terminal_keep=0 terminal_should_redraw=115 terminal_drive_performed=115 render_step_surface_idle=0 render_step_idle_prepare=0 render_step_idle_submit=0 render_step_blocked_present=0 render_step_rendered=115 render_step_failed=0 present_submitted=115 present_skipped=0 present_complete_drained=0 present_reason_none=0 present_reason_host_damage=0 present_reason_terminal_frame=115 present_reason_terminal_retire=0 sdl_wait_pump=0 sdl_poll_pump=115
howl-debug timing render_turn_avg_us=8237 render_turn_max_us=8893 render_upload_avg_us=368 render_upload_max_us=622 render_retained_submit_avg_us=1 render_retained_submit_max_us=1 present_submit_avg_us=108 present_submit_max_us=1636
howl-debug thread tid=25958 name=howl-main cpu_milli=994 ticks=100
howl-debug thread tid=25962 name=howl-term-host cpu_milli=0 ticks=0
howl-debug thread tid=25963 name=SDLTimer cpu_milli=0 ticks=0
howl-debug turn=927 interval_ms=1008 process_cpu_milli=991 process_ticks=100 wake_count=1 runtime_due_count=0 render_pending_count=0 host_redraw=false terminal_redraw=true loop_turns=117
howl-debug counters wait_true=0 wait_false=117 wait_false_owner_work=0 wait_false_runtime_admission=0 wait_false_runtime_wake=117 wait_false_present_complete_pending=0 wait_false_render_permission=0 render_permission_redraw_requested=0 render_permission_render_work_pending=0 terminal_keep=0 terminal_should_redraw=117 terminal_drive_performed=117 render_step_surface_idle=0 render_step_idle_prepare=0 render_step_idle_submit=0 render_step_blocked_present=0 render_step_rendered=117 render_step_failed=0 present_submitted=117 present_skipped=0 present_complete_drained=0 present_reason_none=0 present_reason_host_damage=0 present_reason_terminal_frame=117 present_reason_terminal_retire=0 sdl_wait_pump=0 sdl_poll_pump=117
howl-debug timing render_turn_avg_us=8129 render_turn_max_us=8877 render_upload_avg_us=315 render_upload_max_us=532 render_retained_submit_avg_us=1 render_retained_submit_max_us=1 present_submit_avg_us=95 present_submit_max_us=132
howl-debug thread tid=25958 name=howl-main cpu_milli=991 ticks=100
howl-debug thread tid=25962 name=howl-term-host cpu_milli=9 ticks=1
howl-debug thread tid=25963 name=SDLTimer cpu_milli=0 ticks=0
howl-debug turn=1043 interval_ms=1004 process_cpu_milli=995 process_ticks=100 wake_count=1 runtime_due_count=0 render_pending_count=0 host_redraw=false terminal_redraw=true loop_turns=116
howl-debug counters wait_true=0 wait_false=116 wait_false_owner_work=0 wait_false_runtime_admission=0 wait_false_runtime_wake=116 wait_false_present_complete_pending=0 wait_false_render_permission=0 render_permission_redraw_requested=0 render_permission_render_work_pending=0 terminal_keep=0 terminal_should_redraw=116 terminal_drive_performed=116 render_step_surface_idle=0 render_step_idle_prepare=0 render_step_idle_submit=0 render_step_blocked_present=0 render_step_rendered=116 render_step_failed=0 present_submitted=116 present_skipped=0 present_complete_drained=0 present_reason_none=0 present_reason_host_damage=0 present_reason_terminal_frame=116 present_reason_terminal_retire=0 sdl_wait_pump=0 sdl_poll_pump=116
howl-debug timing render_turn_avg_us=8167 render_turn_max_us=8985 render_upload_avg_us=334 render_upload_max_us=550 render_retained_submit_avg_us=1 render_retained_submit_max_us=1 present_submit_avg_us=98 present_submit_max_us=147
howl-debug thread tid=25958 name=howl-main cpu_milli=995 ticks=100
howl-debug thread tid=25962 name=howl-term-host cpu_milli=0 ticks=0
howl-debug thread tid=25963 name=SDLTimer cpu_milli=0 ticks=0
